Archive member included to satisfy reference by file (symbol)

C:\Users\user\STM32CubeIDE\workspace_1.10.0\Projekt2\Drivers\CMSIS\Lib\GCC\libarm_cortexM4lf_math.a(arm_max_f32.o)
                              ./Core/Src/main.o (arm_max_f32)
C:\Users\user\STM32CubeIDE\workspace_1.10.0\Projekt2\Drivers\CMSIS\Lib\GCC\libarm_cortexM4lf_math.a(arm_rfft_fast_init_f32.o)
                              ./Core/Src/main.o (arm_rfft_fast_init_f32)
C:\Users\user\STM32CubeIDE\workspace_1.10.0\Projekt2\Drivers\CMSIS\Lib\GCC\libarm_cortexM4lf_math.a(arm_rfft_fast_f32.o)
                              ./Core/Src/main.o (arm_rfft_fast_f32)
C:\Users\user\STM32CubeIDE\workspace_1.10.0\Projekt2\Drivers\CMSIS\Lib\GCC\libarm_cortexM4lf_math.a(arm_cfft_f32.o)
                              C:\Users\user\STM32CubeIDE\workspace_1.10.0\Projekt2\Drivers\CMSIS\Lib\GCC\libarm_cortexM4lf_math.a(arm_rfft_fast_f32.o) (arm_cfft_f32)
C:\Users\user\STM32CubeIDE\workspace_1.10.0\Projekt2\Drivers\CMSIS\Lib\GCC\libarm_cortexM4lf_math.a(arm_cmplx_mag_f32.o)
                              ./Core/Src/main.o (arm_cmplx_mag_f32)
C:\Users\user\STM32CubeIDE\workspace_1.10.0\Projekt2\Drivers\CMSIS\Lib\GCC\libarm_cortexM4lf_math.a(arm_cos_f32.o)
                              ./Core/Src/main.o (arm_cos_f32)
C:\Users\user\STM32CubeIDE\workspace_1.10.0\Projekt2\Drivers\CMSIS\Lib\GCC\libarm_cortexM4lf_math.a(arm_scale_f32.o)
                              ./Core/Src/main.o (arm_scale_f32)
C:\Users\user\STM32CubeIDE\workspace_1.10.0\Projekt2\Drivers\CMSIS\Lib\GCC\libarm_cortexM4lf_math.a(arm_mult_f32.o)
                              ./Core/Src/main.o (arm_mult_f32)
C:\Users\user\STM32CubeIDE\workspace_1.10.0\Projekt2\Drivers\CMSIS\Lib\GCC\libarm_cortexM4lf_math.a(arm_common_tables.o)
                              C:\Users\user\STM32CubeIDE\workspace_1.10.0\Projekt2\Drivers\CMSIS\Lib\GCC\libarm_cortexM4lf_math.a(arm_cos_f32.o) (sinTable_f32)
C:\Users\user\STM32CubeIDE\workspace_1.10.0\Projekt2\Drivers\CMSIS\Lib\GCC\libarm_cortexM4lf_math.a(arm_bitreversal2.o)
                              C:\Users\user\STM32CubeIDE\workspace_1.10.0\Projekt2\Drivers\CMSIS\Lib\GCC\libarm_cortexM4lf_math.a(arm_cfft_f32.o) (arm_bitreversal_32)
C:\Users\user\STM32CubeIDE\workspace_1.10.0\Projekt2\Drivers\CMSIS\Lib\GCC\libarm_cortexM4lf_math.a(arm_cfft_radix8_f32.o)
                              C:\Users\user\STM32CubeIDE\workspace_1.10.0\Projekt2\Drivers\CMSIS\Lib\GCC\libarm_cortexM4lf_math.a(arm_cfft_f32.o) (arm_radix8_butterfly_f32)
c:/st/stm32cubeide_1.10.0/stm32cubeide/plugins/com.st.stm32cube.ide.mcu.externaltools.gnu-tools-for-stm32.10.3-2021.10.win32_1.0.0.202111181127/tools/bin/../lib/gcc/arm-none-eabi/10.3.1/../../../../arm-none-eabi/lib/thumb/v7e-m+dp/hard\libc_nano.a(lib_a-errno.o)
                              ./Core/Src/syscalls.o (__errno)
c:/st/stm32cubeide_1.10.0/stm32cubeide/plugins/com.st.stm32cube.ide.mcu.externaltools.gnu-tools-for-stm32.10.3-2021.10.win32_1.0.0.202111181127/tools/bin/../lib/gcc/arm-none-eabi/10.3.1/../../../../arm-none-eabi/lib/thumb/v7e-m+dp/hard\libc_nano.a(lib_a-exit.o)
                              c:/st/stm32cubeide_1.10.0/stm32cubeide/plugins/com.st.stm32cube.ide.mcu.externaltools.gnu-tools-for-stm32.10.3-2021.10.win32_1.0.0.202111181127/tools/bin/../lib/gcc/arm-none-eabi/10.3.1/../../../../arm-none-eabi/lib/thumb/v7e-m+dp/hard/crt0.o (exit)
c:/st/stm32cubeide_1.10.0/stm32cubeide/plugins/com.st.stm32cube.ide.mcu.externaltools.gnu-tools-for-stm32.10.3-2021.10.win32_1.0.0.202111181127/tools/bin/../lib/gcc/arm-none-eabi/10.3.1/../../../../arm-none-eabi/lib/thumb/v7e-m+dp/hard\libc_nano.a(lib_a-impure.o)
                              c:/st/stm32cubeide_1.10.0/stm32cubeide/plugins/com.st.stm32cube.ide.mcu.externaltools.gnu-tools-for-stm32.10.3-2021.10.win32_1.0.0.202111181127/tools/bin/../lib/gcc/arm-none-eabi/10.3.1/../../../../arm-none-eabi/lib/thumb/v7e-m+dp/hard\libc_nano.a(lib_a-exit.o) (_global_impure_ptr)
c:/st/stm32cubeide_1.10.0/stm32cubeide/plugins/com.st.stm32cube.ide.mcu.externaltools.gnu-tools-for-stm32.10.3-2021.10.win32_1.0.0.202111181127/tools/bin/../lib/gcc/arm-none-eabi/10.3.1/../../../../arm-none-eabi/lib/thumb/v7e-m+dp/hard\libc_nano.a(lib_a-init.o)
                              c:/st/stm32cubeide_1.10.0/stm32cubeide/plugins/com.st.stm32cube.ide.mcu.externaltools.gnu-tools-for-stm32.10.3-2021.10.win32_1.0.0.202111181127/tools/bin/../lib/gcc/arm-none-eabi/10.3.1/../../../../arm-none-eabi/lib/thumb/v7e-m+dp/hard/crt0.o (__libc_init_array)
c:/st/stm32cubeide_1.10.0/stm32cubeide/plugins/com.st.stm32cube.ide.mcu.externaltools.gnu-tools-for-stm32.10.3-2021.10.win32_1.0.0.202111181127/tools/bin/../lib/gcc/arm-none-eabi/10.3.1/../../../../arm-none-eabi/lib/thumb/v7e-m+dp/hard\libc_nano.a(lib_a-memset.o)
[...]
Memory Configuration

Name             Origin             Length             Attributes
RAM              0x0000000020000000 0x0000000000080000 xrw
FLASH            0x0000000008000000 0x0000000000200000 xr
*default*        0x0000000000000000 0xffffffffffffffff

Linker script and memory map

LOAD c:/st/stm32cubeide_1.10.0/stm32cubeide/plugins/com.st.stm32cube.ide.mcu.externaltools.gnu-tools-for-stm32.10.3-2021.10.win32_1.0.0.202111181127/tools/bin/../lib/gcc/arm-none-eabi/10.3.1/thumb/v7e-m+dp/hard/crti.o
LOAD c:/st/stm32cubeide_1.10.0/stm32cubeide/plugins/com.st.stm32cube.ide.mcu.externaltools.gnu-tools-for-stm32.10.3-2021.10.win32_1.0.0.202111181127/tools/bin/../lib/gcc/arm-none-eabi/10.3.1/thumb/v7e-m+dp/hard/crtbegin.o
LOAD c:/st/stm32cubeide_1.10.0/stm32cubeide/plugins/com.st.stm32cube.ide.mcu.externaltools.gnu-tools-for-stm32.10.3-2021.10.win32_1.0.0.202111181127/tools/bin/../lib/gcc/arm-none-eabi/10.3.1/../../../../arm-none-eabi/lib/thumb/v7e-m+dp/hard/crt0.o
LOAD ./Core/Src/main.o
LOAD ./Core/Src/stm32f7xx_hal_msp.o
LOAD ./Core/Src/stm32f7xx_it.o
LOAD ./Core/Src/syscalls.o
LOAD ./Core/Src/sysmem.o
LOAD ./Core/Src/system_stm32f7xx.o
LOAD ./Core/Startup/startup_stm32f767zitx.o
LOAD ./Drivers/STM32F7xx_HAL_Driver/Src/stm32f7xx_hal.o
LOAD ./Drivers/STM32F7xx_HAL_Driver/Src/stm32f7xx_hal_cortex.o
LOAD ./Drivers/STM32F7xx_HAL_Driver/Src/stm32f7xx_hal_dfsdm.o
LOAD ./Drivers/STM32F7xx_HAL_Driver/Src/stm32f7xx_hal_dma.o
LOAD ./Drivers/STM32F7xx_HAL_Driver/Src/stm32f7xx_hal_dma_ex.o
LOAD ./Drivers/STM32F7xx_HAL_Driver/Src/stm32f7xx_hal_exti.o
LOAD ./Drivers/STM32F7xx_HAL_Driver/Src/stm32f7xx_hal_flash.o
LOAD ./Drivers/STM32F7xx_HAL_Driver/Src/stm32f7xx_hal_flash_ex.o
LOAD ./Drivers/STM32F7xx_HAL_Driver/Src/stm32f7xx_hal_gpio.o
LOAD ./Drivers/STM32F7xx_HAL_Driver/Src/stm32f7xx_hal_i2c.o
LOAD ./Drivers/STM32F7xx_HAL_Driver/Src/stm32f7xx_hal_i2c_ex.o
LOAD ./Drivers/STM32F7xx_HAL_Driver/Src/stm32f7xx_hal_pcd.o
LOAD ./Drivers/STM32F7xx_HAL_Driver/Src/stm32f7xx_hal_pcd_ex.o
LOAD ./Drivers/STM32F7xx_HAL_Driver/Src/stm32f7xx_hal_pwr.o
LOAD ./Drivers/STM32F7xx_HAL_Driver/Src/stm32f7xx_hal_pwr_ex.o
LOAD ./Drivers/STM32F7xx_HAL_Driver/Src/stm32f7xx_hal_rcc.o
LOAD ./Drivers/STM32F7xx_HAL_Driver/Src/stm32f7xx_hal_rcc_ex.o
LOAD ./Drivers/STM32F7xx_HAL_Driver/Src/stm32f7xx_hal_tim.o
LOAD ./Drivers/STM32F7xx_HAL_Driver/Src/stm32f7xx_hal_tim_ex.o
LOAD ./Drivers/STM32F7xx_HAL_Driver/Src/stm32f7xx_hal_uart.o
LOAD ./Drivers/STM32F7xx_HAL_Driver/Src/stm32f7xx_hal_uart_ex.o
LOAD ./Drivers/STM32F7xx_HAL_Driver/Src/stm32f7xx_ll_usb.o
LOAD C:\Users\user\STM32CubeIDE\workspace_1.10.0\Projekt2\Drivers\CMSIS\Lib\GCC\libarm_cortexM4lf_math.a
START GROUP
LOAD c:/st/stm32cubeide_1.10.0/stm32cubeide/plugins/com.st.stm32cube.ide.mcu.externaltools.gnu-tools-for-stm32.10.3-2021.10.win32_1.0.0.202111181127/tools/bin/../lib/gcc/arm-none-eabi/10.3.1/../../../../arm-none-eabi/lib/thumb/v7e-m+dp/hard\libc_nano.a
LOAD c:/st/stm32cubeide_1.10.0/stm32cubeide/plugins/com.st.stm32cube.ide.mcu.externaltools.gnu-tools-for-stm32.10.3-2021.10.win32_1.0.0.202111181127/tools/bin/../lib/gcc/arm-none-eabi/10.3.1/../../../../arm-none-eabi/lib/thumb/v7e-m+dp/hard\libm.a
END GROUP
START GROUP
LOAD c:/st/stm32cubeide_1.10.0/stm32cubeide/plugins/com.st.stm32cube.ide.mcu.externaltools.gnu-tools-for-stm32.10.3-2021.10.win32_1.0.0.202111181127/tools/bin/../lib/gcc/arm-none-eabi/10.3.1/thumb/v7e-m+dp/hard\libgcc.a
LOAD c:/st/stm32cubeide_1.10.0/stm32cubeide/plugins/com.st.stm32cube.ide.mcu.externaltools.gnu-tools-for-stm32.10.3-2021.10.win32_1.0.0.202111181127/tools/bin/../lib/gcc/arm-none-eabi/10.3.1/../../../../arm-none-eabi/lib/thumb/v7e-m+dp/hard\libc_nano.a
END GROUP
START GROUP
LOAD c:/st/stm32cubeide_1.10.0/stm32cubeide/plugins/com.st.stm32cube.ide.mcu.externaltools.gnu-tools-for-stm32.10.3-2021.10.win32_1.0.0.202111181127/tools/bin/../lib/gcc/arm-none-eabi/10.3.1/thumb/v7e-m+dp/hard\libgcc.a
LOAD c:/st/stm32cubeide_1.10.0/stm32cubeide/plugins/com.st.stm32cube.ide.mcu.externaltools.gnu-tools-for-stm32.10.3-2021.10.win32_1.0.0.202111181127/tools/bin/../lib/gcc/arm-none-eabi/10.3.1/../../../../arm-none-eabi/lib/thumb/v7e-m+dp/hard\libc_nano.a
LOAD c:/st/stm32cubeide_1.10.0/stm32cubeide/plugins/com.st.stm32cube.ide.mcu.externaltools.gnu-tools-for-stm32.10.3-2021.10.win32_1.0.0.202111181127/tools/bin/../lib/gcc/arm-none-eabi/10.3.1/../../../../arm-none-eabi/lib/thumb/v7e-m+dp/hard\libnosys.a
END GROUP
START GROUP
LOAD c:/st/stm32cubeide_1.10.0/stm32cubeide/plugins/com.st.stm32cube.ide.mcu.externaltools.gnu-tools-for-stm32.10.3-2021.10.win32_1.0.0.202111181127/tools/bin/../lib/gcc/arm-none-eabi/10.3.1/thumb/v7e-m+dp/hard\libgcc.a
LOAD c:/st/stm32cubeide_1.10.0/stm32cubeide/plugins/com.st.stm32cube.ide.mcu.externaltools.gnu-tools-for-stm32.10.3-2021.10.win32_1.0.0.202111181127/tools/bin/../lib/gcc/arm-none-eabi/10.3.1/../../../../arm-none-eabi/lib/thumb/v7e-m+dp/hard\libc_nano.a
LOAD c:/st/stm32cubeide_1.10.0/stm32cubeide/plugins/com.st.stm32cube.ide.mcu.externaltools.gnu-tools-for-stm32.10.3-2021.10.win32_1.0.0.202111181127/tools/bin/../lib/gcc/arm-none-eabi/10.3.1/../../../../arm-none-eabi/lib/thumb/v7e-m+dp/hard\libnosys.a
END GROUP
LOAD c:/st/stm32cubeide_1.10.0/stm32cubeide/plugins/com.st.stm32cube.ide.mcu.externaltools.gnu-tools-for-stm32.10.3-2021.10.win32_1.0.0.202111181127/tools/bin/../lib/gcc/arm-none-eabi/10.3.1/thumb/v7e-m+dp/hard/crtend.o
LOAD c:/st/stm32cubeide_1.10.0/stm32cubeide/plugins/com.st.stm32cube.ide.mcu.externaltools.gnu-tools-for-stm32.10.3-2021.10.win32_1.0.0.202111181127/tools/bin/../lib/gcc/arm-none-eabi/10.3.1/thumb/v7e-m+dp/hard/crtn.o
                0x0000000020080000                _estack = (ORIGIN (RAM) + LENGTH (RAM))
                0x0000000000000200                _Min_Heap_Size = 0x200
                0x0000000000000400                _Min_Stack_Size = 0x400

.isr_vector     0x0000000008000000      0x1f8
                0x0000000008000000                . = ALIGN (0x4)
 *(.isr_vector)
 .isr_vector    0x0000000008000000      0x1f8 ./Core/Startup/startup_stm32f767zitx.o
                0x0000000008000000                g_pfnVectors
                0x00000000080001f8                . = ALIGN (0x4)

.text           0x0000000008000200     0x8cf4
                0x0000000008000200                . = ALIGN (0x4)
 *(.text)
 .text          0x0000000008000200       0x40 c:/st/stm32cubeide_1.10.0/stm32cubeide/plugins/com.st.stm32cube.ide.mcu.externaltools.gnu-tools-for-stm32.10.3-2021.10.win32_1.0.0.202111181127/tools/bin/../lib/gcc/arm-none-eabi/10.3.1/thumb/v7e-m+dp/hard/crtbegin.o
 .text          0x0000000008000240       0xc0 C:\Users\user\STM32CubeIDE\workspace_1.10.0\Projekt2\Drivers\CMSIS\Lib\GCC\libarm_cortexM4lf_math.a(arm_bitreversal2.o)
                0x0000000008000240                arm_bitreversal_32
                0x00000000080002aa                arm_bitreversal_16
 .text          0x0000000008000300       0x10 c:/st/stm32cubeide_1.10.0/stm32cubeide/plugins/com.st.stm32cube.ide.mcu.externaltools.gnu-tools-for-stm32.10.3-2021.10.win32_1.0.0.202111181127/tools/bin/../lib/gcc/arm-none-eabi/10.3.1/../../../../arm-none-eabi/lib/thumb/v7e-m+dp/hard\libc_nano.a(lib_a-strlen.o)
                0x0000000008000300                strlen
 .text          0x0000000008000310       0xa0 c:/st/stm32cubeide_1.10.0/stm32cubeide/plugins/com.st.stm32cube.ide.mcu.externaltools.gnu-tools-for-stm32.10.3-2021.10.win32_1.0.0.202111181127/tools/bin/../lib/gcc/arm-none-eabi/10.3.1/../../../../arm-none-eabi/lib/thumb/v7e-m+dp/hard\libc_nano.a(lib_a-memchr.o)
                0x0000000008000310                memchr
 .text          0x00000000080003b0       0x30 c:/st/stm32cubeide_1.10.0/stm32cubeide/plugins/com.st.stm32cube.ide.mcu.externaltools.gnu-tools-for-stm32.10.3-2021.10.win32_1.0.0.202111181127/tools/bin/../lib/gcc/arm-none-eabi/10.3.1/thumb/v7e-m+dp/hard\libgcc.a(_aeabi_uldivmod.o)
                0x00000000080003b0                __aeabi_uldivmod
 .text          0x00000000080003e0      0x2d0 c:/st/stm32cubeide_1.10.0/stm32cubeide/plugins/com.st.stm32cube.ide.mcu.externaltools.gnu-tools-for-stm32.10.3-2021.10.win32_1.0.0.202111181127/tools/bin/../lib/gcc/arm-none-eabi/10.3.1/thumb/v7e-m+dp/hard\libgcc.a(_udivmoddi4.o)
                0x00000000080003e0                __udivmoddi4
 .text          0x00000000080006b0        0x4 c:/st/stm32cubeide_1.10.0/stm32cubeide/plugins/com.st.stm32cube.ide.mcu.externaltools.gnu-tools-for-stm32.10.3-2021.10.win32_1.0.0.202111181127/tools/bin/../lib/gcc/arm-none-eabi/10.3.1/thumb/v7e-m+dp/hard\libgcc.a(_dvmd_tls.o)
                0x00000000080006b0                __aeabi_idiv0
                0x00000000080006b0                __aeabi_ldiv0
 *(.text*)
 .text.main     0x00000000080006b4      0x304 ./Core/Src/main.o
                0x00000000080006b4                main
 .text.SystemClock_Config
                0x00000000080009b8       0xe4 ./Core/Src/main.o
                0x00000000080009b8                SystemClock_Config
 .text.MX_DFSDM1_Init
                0x0000000008000a9c       0xb8 ./Core/Src/main.o
 .text.MX_USART3_UART_Init
                0x0000000008000b54       0x60 ./Core/Src/main.o
 .text.MX_USB_OTG_FS_PCD_Init
                0x0000000008000bb4       0x5c ./Core/Src/main.o
 .text.MX_DMA_Init
                0x0000000008000c10       0x3c ./Core/Src/main.o
 .text.MX_GPIO_Init
                0x0000000008000c4c      0x1cc ./Core/Src/main.o
 .text.HAL_DFSDM_FilterRegConvHalfCpltCallback
                0x0000000008000e18       0x14 ./Core/Src/main.o
                0x0000000008000e18                HAL_DFSDM_FilterRegConvHalfCpltCallback
 .text.HAL_DFSDM_FilterRegConvCpltCallback
                0x0000000008000e2c       0x54 ./Core/Src/main.o
                0x0000000008000e2c                HAL_DFSDM_FilterRegConvCpltCallback
 .text._write   0x0000000008000e80       0x2c ./Core/Src/main.o
                0x0000000008000e80                _write
 .text.Error_Handler
                0x0000000008000eac        0x6 ./Core/Src/main.o
                0x0000000008000eac                Error_Handler
 *fill*         0x0000000008000eb2        0x2 
 .text.HAL_MspInit
                0x0000000008000eb4       0x48 ./Core/Src/stm32f7xx_hal_msp.o
                0x0000000008000eb4                HAL_MspInit
 .text.HAL_DFSDM_FilterMspInit
                0x0000000008000efc      0x160 ./Core/Src/stm32f7xx_hal_msp.o
                0x0000000008000efc                HAL_DFSDM_FilterMspInit
 .text.HAL_DFSDM_ChannelMspInit
                0x000000000800105c       0xdc ./Core/Src/stm32f7xx_hal_msp.o
                0x000000000800105c                HAL_DFSDM_ChannelMspInit
 .text.HAL_UART_MspInit
                0x0000000008001138       0xc0 ./Core/Src/stm32f7xx_hal_msp.o
                0x0000000008001138                HAL_UART_MspInit
 .text.HAL_PCD_MspInit
                0x00000000080011f8       0xf4 ./Core/Src/stm32f7xx_hal_msp.o
                0x00000000080011f8                HAL_PCD_MspInit
 .text.NMI_Handler
                0x00000000080012ec        0x6 ./Core/Src/stm32f7xx_it.o
                0x00000000080012ec                NMI_Handler
 .text.HardFault_Handler
                0x00000000080012f2        0x6 ./Core/Src/stm32f7xx_it.o
                0x00000000080012f2                HardFault_Handler
 .text.MemManage_Handler
                0x00000000080012f8        0x6 ./Core/Src/stm32f7xx_it.o
                0x00000000080012f8                MemManage_Handler
 .text.BusFault_Handler
                0x00000000080012fe        0x6 ./Core/Src/stm32f7xx_it.o
                0x00000000080012fe                BusFault_Handler
 .text.UsageFault_Handler
                0x0000000008001304        0x6 ./Core/Src/stm32f7xx_it.o
                0x0000000008001304                UsageFault_Handler
 .text.SVC_Handler
                0x000000000800130a        0xe ./Core/Src/stm32f7xx_it.o
                0x000000000800130a                SVC_Handler
 .text.DebugMon_Handler
                0x0000000008001318        0xe ./Core/Src/stm32f7xx_it.o
                0x0000000008001318                DebugMon_Handler
 .text.PendSV_Handler
                0x0000000008001326        0xe ./Core/Src/stm32f7xx_it.o
                0x0000000008001326                PendSV_Handler
 .text.SysTick_Handler
                0x0000000008001334        0xc ./Core/Src/stm32f7xx_it.o
                0x0000000008001334                SysTick_Handler
 .text.DMA2_Stream3_IRQHandler
                0x0000000008001340       0x14 ./Core/Src/stm32f7xx_it.o
                0x0000000008001340                DMA2_Stream3_IRQHandler
 .text._getpid  0x0000000008001354       0x10 ./Core/Src/syscalls.o
                0x0000000008001354                _getpid
 .text._kill    0x0000000008001364       0x20 ./Core/Src/syscalls.o
                0x0000000008001364                _kill
 .text._exit    0x0000000008001384       0x14 ./Core/Src/syscalls.o
                0x0000000008001384                _exit
 .text._read    0x0000000008001398       0x3a ./Core/Src/syscalls.o
                0x0000000008001398                _read
 .text._close   0x00000000080013d2       0x18 ./Core/Src/syscalls.o
                0x00000000080013d2                _close
 .text._fstat   0x00000000080013ea       0x20 ./Core/Src/syscalls.o
                0x00000000080013ea                _fstat
 .text._isatty  0x000000000800140a       0x16 ./Core/Src/syscalls.o
                0x000000000800140a                _isatty
 .text._lseek   0x0000000008001420       0x1a ./Core/Src/syscalls.o
                0x0000000008001420                _lseek
 *fill*         0x000000000800143a        0x2 
 .text._sbrk    0x000000000800143c       0x6c ./Core/Src/sysmem.o
                0x000000000800143c                _sbrk
 .text.SystemInit
                0x00000000080014a8       0x24 ./Core/Src/system_stm32f7xx.o
                0x00000000080014a8                SystemInit
 .text.Reset_Handler
                0x00000000080014cc       0x50 ./Core/Startup/startup_stm32f767zitx.o
                0x00000000080014cc                Reset_Handler
 .text.Default_Handler
                0x000000000800151c        0x2 ./Core/Startup/startup_stm32f767zitx.o
                0x000000000800151c                RTC_Alarm_IRQHandler
                0x000000000800151c                EXTI2_IRQHandler
                0x000000000800151c                TIM8_CC_IRQHandler
                0x000000000800151c                UART8_IRQHandler
                0x000000000800151c                SPI4_IRQHandler
                0x000000000800151c                TIM1_CC_IRQHandler
                0x000000000800151c                DMA2_Stream5_IRQHandler
                0x000000000800151c                JPEG_IRQHandler
                0x000000000800151c                DMA1_Stream5_IRQHandler
                0x000000000800151c                CAN3_RX1_IRQHandler
                0x000000000800151c                PVD_IRQHandler
                0x000000000800151c                TAMP_STAMP_IRQHandler
                0x000000000800151c                CAN2_RX1_IRQHandler
                0x000000000800151c                EXTI3_IRQHandler
                0x000000000800151c                TIM8_TRG_COM_TIM14_IRQHandler
                0x000000000800151c                DFSDM1_FLT1_IRQHandler
                0x000000000800151c                TIM1_UP_TIM10_IRQHandler
                0x000000000800151c                TIM8_UP_TIM13_IRQHandler
                0x000000000800151c                I2C3_ER_IRQHandler
                0x000000000800151c                DFSDM1_FLT2_IRQHandler
                0x000000000800151c                EXTI0_IRQHandler
                0x000000000800151c                I2C2_EV_IRQHandler
                0x000000000800151c                DMA1_Stream2_IRQHandler
                0x000000000800151c                CAN1_RX0_IRQHandler
                0x000000000800151c                FPU_IRQHandler
                0x000000000800151c                OTG_HS_WKUP_IRQHandler
                0x000000000800151c                CAN3_SCE_IRQHandler
                0x000000000800151c                LTDC_ER_IRQHandler
                0x000000000800151c                CAN2_SCE_IRQHandler
                0x000000000800151c                DMA2_Stream2_IRQHandler
                0x000000000800151c                SPI1_IRQHandler
                0x000000000800151c                TIM6_DAC_IRQHandler
                0x000000000800151c                TIM1_BRK_TIM9_IRQHandler
                0x000000000800151c                DCMI_IRQHandler
                0x000000000800151c                CAN2_RX0_IRQHandler
                0x000000000800151c                SAI2_IRQHandler
                0x000000000800151c                DFSDM1_FLT3_IRQHandler
                0x000000000800151c                USART6_IRQHandler
                0x000000000800151c                CAN3_RX0_IRQHandler
                0x000000000800151c                USART3_IRQHandler
                0x000000000800151c                CAN1_RX1_IRQHandler
                0x000000000800151c                UART5_IRQHandler
                0x000000000800151c                DMA2_Stream0_IRQHandler
                0x000000000800151c                TIM4_IRQHandler
                0x000000000800151c                QUADSPI_IRQHandler
                0x000000000800151c                I2C1_EV_IRQHandler
                0x000000000800151c                DMA1_Stream6_IRQHandler
                0x000000000800151c                DMA1_Stream1_IRQHandler
                0x000000000800151c                UART4_IRQHandler
                0x000000000800151c                TIM3_IRQHandler
                0x000000000800151c                RCC_IRQHandler
                0x000000000800151c                TIM8_BRK_TIM12_IRQHandler
                0x000000000800151c                Default_Handler
                0x000000000800151c                CEC_IRQHandler
                0x000000000800151c                EXTI15_10_IRQHandler
                0x000000000800151c                ADC_IRQHandler
                0x000000000800151c                DMA1_Stream7_IRQHandler
                0x000000000800151c                SPI5_IRQHandler
                0x000000000800151c                TIM7_IRQHandler
                0x000000000800151c                SDMMC1_IRQHandler
                0x000000000800151c                CAN2_TX_IRQHandler
                0x000000000800151c                TIM5_IRQHandler
                0x000000000800151c                DMA2_Stream7_IRQHandler
                0x000000000800151c                I2C3_EV_IRQHandler
                0x000000000800151c                EXTI9_5_IRQHandler
                0x000000000800151c                RTC_WKUP_IRQHandler
                0x000000000800151c                LTDC_IRQHandler
                0x000000000800151c                ETH_WKUP_IRQHandler
                0x000000000800151c                SPDIF_RX_IRQHandler
                0x000000000800151c                SPI2_IRQHandler
                0x000000000800151c                OTG_HS_EP1_IN_IRQHandler
                0x000000000800151c                DMA1_Stream0_IRQHandler
                0x000000000800151c                CAN1_TX_IRQHandler
                0x000000000800151c                EXTI4_IRQHandler
                0x000000000800151c                RNG_IRQHandler
                0x000000000800151c                ETH_IRQHandler
                0x000000000800151c                OTG_HS_EP1_OUT_IRQHandler
                0x000000000800151c                WWDG_IRQHandler
                0x000000000800151c                SPI6_IRQHandler
                0x000000000800151c                MDIOS_IRQHandler
                0x000000000800151c                I2C4_EV_IRQHandler
                0x000000000800151c                CAN3_TX_IRQHandler
                0x000000000800151c                TIM2_IRQHandler
                0x000000000800151c                OTG_FS_WKUP_IRQHandler
                0x000000000800151c                TIM1_TRG_COM_TIM11_IRQHandler
                0x000000000800151c                OTG_HS_IRQHandler
                0x000000000800151c                DMA2D_IRQHandler
                0x000000000800151c                EXTI1_IRQHandler
                0x000000000800151c                SDMMC2_IRQHandler
                0x000000000800151c                UART7_IRQHandler
                0x000000000800151c                USART2_IRQHandler
                0x000000000800151c                DFSDM1_FLT0_IRQHandler
                0x000000000800151c                I2C2_ER_IRQHandler
                0x000000000800151c                DMA2_Stream1_IRQHandler
                0x000000000800151c                CAN1_SCE_IRQHandler
                0x000000000800151c                FLASH_IRQHandler
                0x000000000800151c                DMA2_Stream4_IRQHandler
                0x000000000800151c                USART1_IRQHandler
                0x000000000800151c                OTG_FS_IRQHandler
                0x000000000800151c                SPI3_IRQHandler
                0x000000000800151c                DMA1_Stream4_IRQHandler
                0x000000000800151c                I2C1_ER_IRQHandler
                0x000000000800151c                FMC_IRQHandler
                0x000000000800151c                LPTIM1_IRQHandler
                0x000000000800151c                I2C4_ER_IRQHandler
                0x000000000800151c                DMA2_Stream6_IRQHandler
                0x000000000800151c                SAI1_IRQHandler
                0x000000000800151c                DMA1_Stream3_IRQHandler
 .text.HAL_Init
                0x000000000800151e       0x1a ./Drivers/STM32F7xx_HAL_Driver/Src/stm32f7xx_hal.o
                0x000000000800151e                HAL_Init
 .text.HAL_InitTick
                0x0000000008001538       0x60 ./Drivers/STM32F7xx_HAL_Driver/Src/stm32f7xx_hal.o
                0x0000000008001538                HAL_InitTick
 .text.HAL_IncTick
                0x0000000008001598       0x28 ./Drivers/STM32F7xx_HAL_Driver/Src/stm32f7xx_hal.o
                0x0000000008001598                HAL_IncTick
 .text.HAL_GetTick
                0x00000000080015c0       0x18 ./Drivers/STM32F7xx_HAL_Driver/Src/stm32f7xx_hal.o
                0x00000000080015c0                HAL_GetTick
 .text.HAL_Delay
                0x00000000080015d8       0x48 ./Drivers/STM32F7xx_HAL_Driver/Src/stm32f7xx_hal.o
                0x00000000080015d8                HAL_Delay
 .text.__NVIC_SetPriorityGrouping
                0x0000000008001620       0x48 ./Drivers/STM32F7xx_HAL_Driver/Src/stm32f7xx_hal_cortex.o
 .text.__NVIC_GetPriorityGrouping
                0x0000000008001668       0x1c ./Drivers/STM32F7xx_HAL_Driver/Src/stm32f7xx_hal_cortex.o
 .text.__NVIC_EnableIRQ
                0x0000000008001684       0x3c ./Drivers/STM32F7xx_HAL_Driver/Src/stm32f7xx_hal_cortex.o
 .text.__NVIC_SetPriority
                0x00000000080016c0       0x54 ./Drivers/STM32F7xx_HAL_Driver/Src/stm32f7xx_hal_cortex.o
 .text.NVIC_EncodePriority
                0x0000000008001714       0x66 ./Drivers/STM32F7xx_HAL_Driver/Src/stm32f7xx_hal_cortex.o
 *fill*         0x000000000800177a        0x2 
 .text.SysTick_Config
                0x000000000800177c       0x44 ./Drivers/STM32F7xx_HAL_Driver/Src/stm32f7xx_hal_cortex.o
 .text.HAL_NVIC_SetPriorityGrouping
                0x00000000080017c0       0x16 ./Drivers/STM32F7xx_HAL_Driver/Src/stm32f7xx_hal_cortex.o
                0x00000000080017c0                HAL_NVIC_SetPriorityGrouping
 .text.HAL_NVIC_SetPriority
                0x00000000080017d6       0x38 ./Drivers/STM32F7xx_HAL_Driver/Src/stm32f7xx_hal_cortex.o
                0x00000000080017d6                HAL_NVIC_SetPriority
 .text.HAL_NVIC_EnableIRQ
                0x000000000800180e       0x1c ./Drivers/STM32F7xx_HAL_Driver/Src/stm32f7xx_hal_cortex.o
                0x000000000800180e                HAL_NVIC_EnableIRQ
 .text.HAL_SYSTICK_Config
                0x000000000800182a       0x18 ./Drivers/STM32F7xx_HAL_Driver/Src/stm32f7xx_hal_cortex.o
                0x000000000800182a                HAL_SYSTICK_Config
 *fill*         0x0000000008001842        0x2 
 .text.HAL_DFSDM_ChannelInit
                0x0000000008001844      0x180 ./Drivers/STM32F7xx_HAL_Driver/Src/stm32f7xx_hal_dfsdm.o
                0x0000000008001844                HAL_DFSDM_ChannelInit
 .text.HAL_DFSDM_FilterInit
                0x00000000080019c4      0x1b4 ./Drivers/STM32F7xx_HAL_Driver/Src/stm32f7xx_hal_dfsdm.o
                0x00000000080019c4                HAL_DFSDM_FilterInit
 .text.HAL_DFSDM_FilterConfigRegChannel
                0x0000000008001b78       0x8c ./Drivers/STM32F7xx_HAL_Driver/Src/stm32f7xx_hal_dfsdm.o
                0x0000000008001b78                HAL_DFSDM_FilterConfigRegChannel
 .text.HAL_DFSDM_FilterRegularStart_DMA
                0x0000000008001c04      0x108 ./Drivers/STM32F7xx_HAL_Driver/Src/stm32f7xx_hal_dfsdm.o
                0x0000000008001c04                HAL_DFSDM_FilterRegularStart_DMA
 .text.HAL_DFSDM_FilterErrorCallback
                0x0000000008001d0c       0x14 ./Drivers/STM32F7xx_HAL_Driver/Src/stm32f7xx_hal_dfsdm.o
                0x0000000008001d0c                HAL_DFSDM_FilterErrorCallback
 .text.DFSDM_DMARegularHalfConvCplt
                0x0000000008001d20       0x1c ./Drivers/STM32F7xx_HAL_Driver/Src/stm32f7xx_hal_dfsdm.o
 .text.DFSDM_DMARegularConvCplt
                0x0000000008001d3c       0x1c ./Drivers/STM32F7xx_HAL_Driver/Src/stm32f7xx_hal_dfsdm.o
 .text.DFSDM_DMAError
                0x0000000008001d58       0x22 ./Drivers/STM32F7xx_HAL_Driver/Src/stm32f7xx_hal_dfsdm.o
 *fill*         0x0000000008001d7a        0x2 
 .text.DFSDM_GetChannelFromInstance
                0x0000000008001d7c       0x98 ./Drivers/STM32F7xx_HAL_Driver/Src/stm32f7xx_hal_dfsdm.o
 .text.DFSDM_RegConvStart
                0x0000000008001e14       0xac ./Drivers/STM32F7xx_HAL_Driver/Src/stm32f7xx_hal_dfsdm.o
 .text.HAL_DMA_Init
                0x0000000008001ec0      0x15c ./Drivers/STM32F7xx_HAL_Driver/Src/stm32f7xx_hal_dma.o
                0x0000000008001ec0                HAL_DMA_Init
 .text.HAL_DMA_Start_IT
                0x000000000800201c       0xc0 ./Drivers/STM32F7xx_HAL_Driver/Src/stm32f7xx_hal_dma.o
                0x000000000800201c                HAL_DMA_Start_IT
 .text.HAL_DMA_IRQHandler
                0x00000000080020dc      0x314 ./Drivers/STM32F7xx_HAL_Driver/Src/stm32f7xx_hal_dma.o
                0x00000000080020dc                HAL_DMA_IRQHandler
 .text.DMA_SetConfig
                0x00000000080023f0       0x5c ./Drivers/STM32F7xx_HAL_Driver/Src/stm32f7xx_hal_dma.o
 .text.DMA_CalcBaseAndBitshift
                0x000000000800244c       0x6c ./Drivers/STM32F7xx_HAL_Driver/Src/stm32f7xx_hal_dma.o
 .text.DMA_CheckFifoParam
                0x00000000080024b8       0xf8 ./Drivers/STM32F7xx_HAL_Driver/Src/stm32f7xx_hal_dma.o
 .text.HAL_GPIO_Init
                0x00000000080025b0      0x358 ./Drivers/STM32F7xx_HAL_Driver/Src/stm32f7xx_hal_gpio.o
                0x00000000080025b0                HAL_GPIO_Init
 .text.HAL_GPIO_WritePin
                0x0000000008002908       0x32 ./Drivers/STM32F7xx_HAL_Driver/Src/stm32f7xx_hal_gpio.o
                0x0000000008002908                HAL_GPIO_WritePin
 .text.HAL_PCD_Init
                0x000000000800293a      0x248 ./Drivers/STM32F7xx_HAL_Driver/Src/stm32f7xx_hal_pcd.o
                0x000000000800293a                HAL_PCD_Init
 *fill*         0x0000000008002b82        0x2 
 .text.HAL_PCDEx_ActivateLPM
                0x0000000008002b84       0x48 ./Drivers/STM32F7xx_HAL_Driver/Src/stm32f7xx_hal_pcd_ex.o
                0x0000000008002b84                HAL_PCDEx_ActivateLPM
 .text.HAL_PWR_EnableBkUpAccess
                0x0000000008002bcc       0x20 ./Drivers/STM32F7xx_HAL_Driver/Src/stm32f7xx_hal_pwr.o
                0x0000000008002bcc                HAL_PWR_EnableBkUpAccess
 .text.HAL_PWREx_EnableOverDrive
                0x0000000008002bec       0xa0 ./Drivers/STM32F7xx_HAL_Driver/Src/stm32f7xx_hal_pwr_ex.o
                0x0000000008002bec                HAL_PWREx_EnableOverDrive
 .text.HAL_RCC_OscConfig
                0x0000000008002c8c      0x55c ./Drivers/STM32F7xx_HAL_Driver/Src/stm32f7xx_hal_rcc.o
                0x0000000008002c8c                HAL_RCC_OscConfig
 .text.HAL_RCC_ClockConfig
                0x00000000080031e8      0x1d8 ./Drivers/STM32F7xx_HAL_Driver/Src/stm32f7xx_hal_rcc.o
                0x00000000080031e8                HAL_RCC_ClockConfig
 .text.HAL_RCC_GetSysClockFreq
                0x00000000080033c0      0x20c ./Drivers/STM32F7xx_HAL_Driver/Src/stm32f7xx_hal_rcc.o
                0x00000000080033c0                HAL_RCC_GetSysClockFreq
 .text.HAL_RCC_GetHCLKFreq
                0x00000000080035cc       0x18 ./Drivers/STM32F7xx_HAL_Driver/Src/stm32f7xx_hal_rcc.o
                0x00000000080035cc                HAL_RCC_GetHCLKFreq
 .text.HAL_RCC_GetPCLK1Freq
                0x00000000080035e4       0x28 ./Drivers/STM32F7xx_HAL_Driver/Src/stm32f7xx_hal_rcc.o
                0x00000000080035e4                HAL_RCC_GetPCLK1Freq
 .text.HAL_RCC_GetPCLK2Freq
                0x000000000800360c       0x28 ./Drivers/STM32F7xx_HAL_Driver/Src/stm32f7xx_hal_rcc.o
                0x000000000800360c                HAL_RCC_GetPCLK2Freq
 .text.HAL_RCCEx_PeriphCLKConfig
                0x0000000008003634      0x850 ./Drivers/STM32F7xx_HAL_Driver/Src/stm32f7xx_hal_rcc_ex.o
                0x0000000008003634                HAL_RCCEx_PeriphCLKConfig
 .text.HAL_UART_Init
                0x0000000008003e84       0x9c ./Drivers/STM32F7xx_HAL_Driver/Src/stm32f7xx_hal_uart.o
                0x0000000008003e84                HAL_UART_Init
 .text.HAL_UART_Transmit
                0x0000000008003f20      0x106 ./Drivers/STM32F7xx_HAL_Driver/Src/stm32f7xx_hal_uart.o
                0x0000000008003f20                HAL_UART_Transmit
 *fill*         0x0000000008004026        0x2 
 .text.UART_SetConfig
                0x0000000008004028      0x4c8 ./Drivers/STM32F7xx_HAL_Driver/Src/stm32f7xx_hal_uart.o
                0x0000000008004028                UART_SetConfig
 .text.UART_AdvFeatureConfig
                0x00000000080044f0      0x144 ./Drivers/STM32F7xx_HAL_Driver/Src/stm32f7xx_hal_uart.o
                0x00000000080044f0                UART_AdvFeatureConfig
 .text.UART_CheckIdleState
                0x0000000008004634       0x9a ./Drivers/STM32F7xx_HAL_Driver/Src/stm32f7xx_hal_uart.o
                0x0000000008004634                UART_CheckIdleState
 .text.UART_WaitOnFlagUntilTimeout
                0x00000000080046ce      0x18c ./Drivers/STM32F7xx_HAL_Driver/Src/stm32f7xx_hal_uart.o
                0x00000000080046ce                UART_WaitOnFlagUntilTimeout
 *fill*         0x000000000800485a        0x2 
 .text.USB_CoreInit
                0x000000000800485c       0xb0 ./Drivers/STM32F7xx_HAL_Driver/Src/stm32f7xx_ll_usb.o
                0x000000000800485c                USB_CoreInit
 .text.USB_DisableGlobalInt
                0x000000000800490c       0x22 ./Drivers/STM32F7xx_HAL_Driver/Src/stm32f7xx_ll_usb.o
                0x000000000800490c                USB_DisableGlobalInt
 .text.USB_SetCurrentMode
                0x000000000800492e       0x98 ./Drivers/STM32F7xx_HAL_Driver/Src/stm32f7xx_ll_usb.o
                0x000000000800492e                USB_SetCurrentMode
 *fill*         0x00000000080049c6        0x2 
 .text.USB_DevInit
                0x00000000080049c8      0x2bc ./Drivers/STM32F7xx_HAL_Driver/Src/stm32f7xx_ll_usb.o
                0x00000000080049c8                USB_DevInit
 .text.USB_FlushTxFifo
                0x0000000008004c84       0x68 ./Drivers/STM32F7xx_HAL_Driver/Src/stm32f7xx_ll_usb.o
                0x0000000008004c84                USB_FlushTxFifo
 .text.USB_FlushRxFifo
                0x0000000008004cec       0x60 ./Drivers/STM32F7xx_HAL_Driver/Src/stm32f7xx_ll_usb.o
                0x0000000008004cec                USB_FlushRxFifo
 .text.USB_SetDevSpeed
                0x0000000008004d4c       0x32 ./Drivers/STM32F7xx_HAL_Driver/Src/stm32f7xx_ll_usb.o
                0x0000000008004d4c                USB_SetDevSpeed
 .text.USB_DevDisconnect
                0x0000000008004d7e       0x42 ./Drivers/STM32F7xx_HAL_Driver/Src/stm32f7xx_ll_usb.o
                0x0000000008004d7e                USB_DevDisconnect
 .text.USB_GetMode
                0x0000000008004dc0       0x1c ./Drivers/STM32F7xx_HAL_Driver/Src/stm32f7xx_ll_usb.o
                0x0000000008004dc0                USB_GetMode
 .text.USB_CoreReset
                0x0000000008004ddc       0x68 ./Drivers/STM32F7xx_HAL_Driver/Src/stm32f7xx_ll_usb.o
 .text.arm_max_f32
                0x0000000008004e44       0xd0 C:\Users\user\STM32CubeIDE\workspace_1.10.0\Projekt2\Drivers\CMSIS\Lib\GCC\libarm_cortexM4lf_math.a(arm_max_f32.o)
                0x0000000008004e44                arm_max_f32
 .text.arm_rfft_fast_init_f32
                0x0000000008004f14      0x108 C:\Users\user\STM32CubeIDE\workspace_1.10.0\Projekt2\Drivers\CMSIS\Lib\GCC\libarm_cortexM4lf_math.a(arm_rfft_fast_init_f32.o)
                0x0000000008004f14                arm_rfft_fast_init_f32
 .text.arm_rfft_fast_f32
                0x000000000800501c      0x188 C:\Users\user\STM32CubeIDE\workspace_1.10.0\Projekt2\Drivers\CMSIS\Lib\GCC\libarm_cortexM4lf_math.a(arm_rfft_fast_f32.o)
                0x000000000800501c                arm_rfft_fast_f32
 .text.arm_cfft_radix8by2_f32
                0x00000000080051a4      0x1a4 C:\Users\user\STM32CubeIDE\workspace_1.10.0\Projekt2\Drivers\CMSIS\Lib\GCC\libarm_cortexM4lf_math.a(arm_cfft_f32.o)
                0x00000000080051a4                arm_cfft_radix8by2_f32
 .text.arm_cfft_radix8by4_f32
                0x0000000008005348      0x4bc C:\Users\user\STM32CubeIDE\workspace_1.10.0\Projekt2\Drivers\CMSIS\Lib\GCC\libarm_cortexM4lf_math.a(arm_cfft_f32.o)
                0x0000000008005348                arm_cfft_radix8by4_f32
 .text.arm_cfft_f32
                0x0000000008005804       0xf4 C:\Users\user\STM32CubeIDE\workspace_1.10.0\Projekt2\Drivers\CMSIS\Lib\GCC\libarm_cortexM4lf_math.a(arm_cfft_f32.o)
                0x0000000008005804                arm_cfft_f32
 .text.arm_cmplx_mag_f32
                0x00000000080058f8      0x1d0 C:\Users\user\STM32CubeIDE\workspace_1.10.0\Projekt2\Drivers\CMSIS\Lib\GCC\libarm_cortexM4lf_math.a(arm_cmplx_mag_f32.o)
                0x00000000080058f8                arm_cmplx_mag_f32
 .text.arm_cos_f32
                0x0000000008005ac8       0x80 C:\Users\user\STM32CubeIDE\workspace_1.10.0\Projekt2\Drivers\CMSIS\Lib\GCC\libarm_cortexM4lf_math.a(arm_cos_f32.o)
                0x0000000008005ac8                arm_cos_f32
 .text.arm_scale_f32
                0x0000000008005b48       0x6c C:\Users\user\STM32CubeIDE\workspace_1.10.0\Projekt2\Drivers\CMSIS\Lib\GCC\libarm_cortexM4lf_math.a(arm_scale_f32.o)
                0x0000000008005b48                arm_scale_f32
 .text.arm_mult_f32
                0x0000000008005bb4       0x8c C:\Users\user\STM32CubeIDE\workspace_1.10.0\Projekt2\Drivers\CMSIS\Lib\GCC\libarm_cortexM4lf_math.a(arm_mult_f32.o)
                0x0000000008005bb4                arm_mult_f32
 .text.arm_radix8_butterfly_f32
                0x0000000008005c40      0x5c4 C:\Users\user\STM32CubeIDE\workspace_1.10.0\Projekt2\Drivers\CMSIS\Lib\GCC\libarm_cortexM4lf_math.a(arm_cfft_radix8_f32.o)
                0x0000000008005c40                arm_radix8_butterfly_f32
 .text.__errno  0x0000000008006204        0xc c:/st/stm32cubeide_1.10.0/stm32cubeide/plugins/com.st.stm32cube.ide.mcu.externaltools.gnu-tools-for-stm32.10.3-2021.10.win32_1.0.0.202111181127/tools/bin/../lib/gcc/arm-none-eabi/10.3.1/../../../../arm-none-eabi/lib/thumb/v7e-m+dp/hard\libc_nano.a(lib_a-errno.o)
                0x0000000008006204                __errno
 .text.__libc_init_array
                0x0000000008006210       0x48 c:/st/stm32cubeide_1.10.0/stm32cubeide/plugins/com.st.stm32cube.ide.mcu.externaltools.gnu-tools-for-stm32.10.3-2021.10.win32_1.0.0.202111181127/tools/bin/../lib/gcc/arm-none-eabi/10.3.1/../../../../arm-none-eabi/lib/thumb/v7e-m+dp/hard\libc_nano.a(lib_a-init.o)
                0x0000000008006210                __libc_init_array
 .text.memset   0x0000000008006258       0x10 c:/st/stm32cubeide_1.10.0/stm32cubeide/plugins/com.st.stm32cube.ide.mcu.externaltools.gnu-tools-for-stm32.10.3-2021.10.win32_1.0.0.202111181127/tools/bin/../lib/gcc/arm-none-eabi/10.3.1/../../../../arm-none-eabi/lib/thumb/v7e-m+dp/hard\libc_nano.a(lib_a-memset.o)
                0x0000000008006258                memset
 .text.__cvt    0x0000000008006268       0xa4 c:/st/stm32cubeide_1.10.0/stm32cubeide/plugins/com.st.stm32cube.ide.mcu.externaltools.gnu-tools-for-stm32.10.3-2021.10.win32_1.0.0.202111181127/tools/bin/../lib/gcc/arm-none-eabi/10.3.1/../../../../arm-none-eabi/lib/thumb/v7e-m+dp/hard\libc_nano.a(lib_a-nano-vfprintf_float.o)
                0x0000000008006268                __cvt
 .text.__exponent
                0x000000000800630c       0x7c c:/st/stm32cubeide_1.10.0/stm32cubeide/plugins/com.st.stm32cube.ide.mcu.externaltools.gnu-tools-for-stm32.10.3-2021.10.win32_1.0.0.202111181127/tools/bin/../lib/gcc/arm-none-eabi/10.3.1/../../../../arm-none-eabi/lib/thumb/v7e-m+dp/hard\libc_nano.a(lib_a-nano-vfprintf_float.o)
                0x000000000800630c                __exponent
 .text._printf_float
                0x0000000008006388      0x43c c:/st/stm32cubeide_1.10.0/stm32cubeide/plugins/com.st.stm32cube.ide.mcu.externaltools.gnu-tools-for-stm32.10.3-2021.10.win32_1.0.0.202111181127/tools/bin/../lib/gcc/arm-none-eabi/10.3.1/../../../../arm-none-eabi/lib/thumb/v7e-m+dp/hard\libc_nano.a(lib_a-nano-vfprintf_float.o)
                0x0000000008006388                _printf_float
 .text._printf_common
                0x00000000080067c4       0xda c:/st/stm32cubeide_1.10.0/stm32cubeide/plugins/com.st.stm32cube.ide.mcu.externaltools.gnu-tools-for-stm32.10.3-2021.10.win32_1.0.0.202111181127/tools/bin/../lib/gcc/arm-none-eabi/10.3.1/../../../../arm-none-eabi/lib/thumb/v7e-m+dp/hard\libc_nano.a(lib_a-nano-vfprintf_i.o)
                0x00000000080067c4                _printf_common
 *fill*         0x000000000800689e        0x2 
 .text._printf_i
                0x00000000080068a0      0x24c c:/st/stm32cubeide_1.10.0/stm32cubeide/plugins/com.st.stm32cube.ide.mcu.externaltools.gnu-tools-for-stm32.10.3-2021.10.win32_1.0.0.202111181127/tools/bin/../lib/gcc/arm-none-eabi/10.3.1/../../../../arm-none-eabi/lib/thumb/v7e-m+dp/hard\libc_nano.a(lib_a-nano-vfprintf_i.o)
                0x00000000080068a0                _printf_i
 .text.printf   0x0000000008006aec       0x30 c:/st/stm32cubeide_1.10.0/stm32cubeide/plugins/com.st.stm32cube.ide.mcu.externaltools.gnu-tools-for-stm32.10.3-2021.10.win32_1.0.0.202111181127/tools/bin/../lib/gcc/arm-none-eabi/10.3.1/../../../../arm-none-eabi/lib/thumb/v7e-m+dp/hard\libc_nano.a(lib_a-printf.o)
                0x0000000008006aec                iprintf
                0x0000000008006aec                printf
 .text._puts_r  0x0000000008006b1c       0xdc c:/st/stm32cubeide_1.10.0/stm32cubeide/plugins/com.st.stm32cube.ide.mcu.externaltools.gnu-tools-for-stm32.10.3-2021.10.win32_1.0.0.202111181127/tools/bin/../lib/gcc/arm-none-eabi/10.3.1/../../../../arm-none-eabi/lib/thumb/v7e-m+dp/hard\libc_nano.a(lib_a-puts.o)
                0x0000000008006b1c                _puts_r
 .text.puts     0x0000000008006bf8       0x10 c:/st/stm32cubeide_1.10.0/stm32cubeide/plugins/com.st.stm32cube.ide.mcu.externaltools.gnu-tools-for-stm32.10.3-2021.10.win32_1.0.0.202111181127/tools/bin/../lib/gcc/arm-none-eabi/10.3.1/../../../../arm-none-eabi/lib/thumb/v7e-m+dp/hard\libc_nano.a(lib_a-puts.o)
                0x0000000008006bf8                puts
 .text.__swbuf_r
                0x0000000008006c08       0xa4 c:/st/stm32cubeide_1.10.0/stm32cubeide/plugins/com.st.stm32cube.ide.mcu.externaltools.gnu-tools-for-stm32.10.3-2021.10.win32_1.0.0.202111181127/tools/bin/../lib/gcc/arm-none-eabi/10.3.1/../../../../arm-none-eabi/lib/thumb/v7e-m+dp/hard\libc_nano.a(lib_a-wbuf.o)
                0x0000000008006c08                __swbuf_r
 .text.__swsetup_r
                0x0000000008006cac       0xdc c:/st/stm32cubeide_1.10.0/stm32cubeide/plugins/com.st.stm32cube.ide.mcu.externaltools.gnu-tools-for-stm32.10.3-2021.10.win32_1.0.0.202111181127/tools/bin/../lib/gcc/arm-none-eabi/10.3.1/../../../../arm-none-eabi/lib/thumb/v7e-m+dp/hard\libc_nano.a(lib_a-wsetup.o)
                0x0000000008006cac                __swsetup_r
 .text.quorem   0x0000000008006d88      0x116 c:/st/stm32cubeide_1.10.0/stm32cubeide/plugins/com.st.stm32cube.ide.mcu.externaltools.gnu-tools-for-stm32.10.3-2021.10.win32_1.0.0.202111181127/tools/bin/../lib/gcc/arm-none-eabi/10.3.1/../../../../arm-none-eabi/lib/thumb/v7e-m+dp/hard\libc_nano.a(lib_a-dtoa.o)
 *fill*         0x0000000008006e9e        0x2 
 .text._dtoa_r  0x0000000008006ea0      0xadc c:/st/stm32cubeide_1.10.0/stm32cubeide/plugins/com.st.stm32cube.ide.mcu.externaltools.gnu-tools-for-stm32.10.3-2021.10.win32_1.0.0.202111181127/tools/bin/../lib/gcc/arm-none-eabi/10.3.1/../../../../arm-none-eabi/lib/thumb/v7e-m+dp/hard\libc_nano.a(lib_a-dtoa.o)
                0x0000000008006ea0                _dtoa_r
 .text.__sflush_r
                0x000000000800797c      0x10c c:/st/stm32cubeide_1.10.0/stm32cubeide/plugins/com.st.stm32cube.ide.mcu.externaltools.gnu-tools-for-stm32.10.3-2021.10.win32_1.0.0.202111181127/tools/bin/../lib/gcc/arm-none-eabi/10.3.1/../../../../arm-none-eabi/lib/thumb/v7e-m+dp/hard\libc_nano.a(lib_a-fflush.o)
                0x000000000800797c                __sflush_r
 .text._fflush_r
                0x0000000008007a88       0x78 c:/st/stm32cubeide_1.10.0/stm32cubeide/plugins/com.st.stm32cube.ide.mcu.externaltools.gnu-tools-for-stm32.10.3-2021.10.win32_1.0.0.202111181127/tools/bin/../lib/gcc/arm-none-eabi/10.3.1/../../../../arm-none-eabi/lib/thumb/v7e-m+dp/hard\libc_nano.a(lib_a-fflush.o)
                0x0000000008007a88                _fflush_r
 .text.std      0x0000000008007b00       0x48 c:/st/stm32cubeide_1.10.0/stm32cubeide/plugins/com.st.stm32cube.ide.mcu.externaltools.gnu-tools-for-stm32.10.3-2021.10.win32_1.0.0.202111181127/tools/bin/../lib/gcc/arm-none-eabi/10.3.1/../../../../arm-none-eabi/lib/thumb/v7e-m+dp/hard\libc_nano.a(lib_a-findfp.o)
 .text._cleanup_r
                0x0000000008007b48        0xc c:/st/stm32cubeide_1.10.0/stm32cubeide/plugins/com.st.stm32cube.ide.mcu.externaltools.gnu-tools-for-stm32.10.3-2021.10.win32_1.0.0.202111181127/tools/bin/../lib/gcc/arm-none-eabi/10.3.1/../../../../arm-none-eabi/lib/thumb/v7e-m+dp/hard\libc_nano.a(lib_a-findfp.o)
                0x0000000008007b48                _cleanup_r
 .text.__sfmoreglue
                0x0000000008007b54       0x2c c:/st/stm32cubeide_1.10.0/stm32cubeide/plugins/com.st.stm32cube.ide.mcu.externaltools.gnu-tools-for-stm32.10.3-2021.10.win32_1.0.0.202111181127/tools/bin/../lib/gcc/arm-none-eabi/10.3.1/../../../../arm-none-eabi/lib/thumb/v7e-m+dp/hard\libc_nano.a(lib_a-findfp.o)
                0x0000000008007b54                __sfmoreglue
 .text.__sfp_lock_acquire
                0x0000000008007b80        0xc c:/st/stm32cubeide_1.10.0/stm32cubeide/plugins/com.st.stm32cube.ide.mcu.externaltools.gnu-tools-for-stm32.10.3-2021.10.win32_1.0.0.202111181127/tools/bin/../lib/gcc/arm-none-eabi/10.3.1/../../../../arm-none-eabi/lib/thumb/v7e-m+dp/hard\libc_nano.a(lib_a-findfp.o)
                0x0000000008007b80                __sfp_lock_acquire
 .text.__sfp_lock_release
                0x0000000008007b8c        0xc c:/st/stm32cubeide_1.10.0/stm32cubeide/plugins/com.st.stm32cube.ide.mcu.externaltools.gnu-tools-for-stm32.10.3-2021.10.win32_1.0.0.202111181127/tools/bin/../lib/gcc/arm-none-eabi/10.3.1/../../../../arm-none-eabi/lib/thumb/v7e-m+dp/hard\libc_nano.a(lib_a-findfp.o)
                0x0000000008007b8c                __sfp_lock_release
 .text.__sinit_lock_acquire
                0x0000000008007b98        0xc c:/st/stm32cubeide_1.10.0/stm32cubeide/plugins/com.st.stm32cube.ide.mcu.externaltools.gnu-tools-for-stm32.10.3-2021.10.win32_1.0.0.202111181127/tools/bin/../lib/gcc/arm-none-eabi/10.3.1/../../../../arm-none-eabi/lib/thumb/v7e-m+dp/hard\libc_nano.a(lib_a-findfp.o)
                0x0000000008007b98                __sinit_lock_acquire
 .text.__sinit_lock_release
                0x0000000008007ba4        0xc c:/st/stm32cubeide_1.10.0/stm32cubeide/plugins/com.st.stm32cube.ide.mcu.externaltools.gnu-tools-for-stm32.10.3-2021.10.win32_1.0.0.202111181127/tools/bin/../lib/gcc/arm-none-eabi/10.3.1/../../../../arm-none-eabi/lib/thumb/v7e-m+dp/hard\libc_nano.a(lib_a-findfp.o)
                0x0000000008007ba4                __sinit_lock_release
 .text.__sinit  0x0000000008007bb0       0x70 c:/st/stm32cubeide_1.10.0/stm32cubeide/plugins/com.st.stm32cube.ide.mcu.externaltools.gnu-tools-for-stm32.10.3-2021.10.win32_1.0.0.202111181127/tools/bin/../lib/gcc/arm-none-eabi/10.3.1/../../../../arm-none-eabi/lib/thumb/v7e-m+dp/hard\libc_nano.a(lib_a-findfp.o)
                0x0000000008007bb0                __sinit
 .text.__sfp    0x0000000008007c20       0x8c c:/st/stm32cubeide_1.10.0/stm32cubeide/plugins/com.st.stm32cube.ide.mcu.externaltools.gnu-tools-for-stm32.10.3-2021.10.win32_1.0.0.202111181127/tools/bin/../lib/gcc/arm-none-eabi/10.3.1/../../../../arm-none-eabi/lib/thumb/v7e-m+dp/hard\libc_nano.a(lib_a-findfp.o)
                0x0000000008007c20                __sfp
 .text._fwalk_reent
                0x0000000008007cac       0x3e c:/st/stm32cubeide_1.10.0/stm32cubeide/plugins/com.st.stm32cube.ide.mcu.externaltools.gnu-tools-for-stm32.10.3-2021.10.win32_1.0.0.202111181127/tools/bin/../lib/gcc/arm-none-eabi/10.3.1/../../../../arm-none-eabi/lib/thumb/v7e-m+dp/hard\libc_nano.a(lib_a-fwalk.o)
                0x0000000008007cac                _fwalk_reent
 *fill*         0x0000000008007cea        0x2 
 .text._localeconv_r
                0x0000000008007cec        0x8 c:/st/stm32cubeide_1.10.0/stm32cubeide/plugins/com.st.stm32cube.ide.mcu.externaltools.gnu-tools-for-stm32.10.3-2021.10.win32_1.0.0.202111181127/tools/bin/../lib/gcc/arm-none-eabi/10.3.1/../../../../arm-none-eabi/lib/thumb/v7e-m+dp/hard\libc_nano.a(lib_a-localeconv.o)
                0x0000000008007cec                _localeconv_r
 .text.__retarget_lock_init_recursive
                0x0000000008007cf4        0x2 c:/st/stm32cubeide_1.10.0/stm32cubeide/plugins/com.st.stm32cube.ide.mcu.externaltools.gnu-tools-for-stm32.10.3-2021.10.win32_1.0.0.202111181127/tools/bin/../lib/gcc/arm-none-eabi/10.3.1/../../../../arm-none-eabi/lib/thumb/v7e-m+dp/hard\libc_nano.a(lib_a-lock.o)
                0x0000000008007cf4                __retarget_lock_init_recursive
 .text.__retarget_lock_acquire_recursive
                0x0000000008007cf6        0x2 c:/st/stm32cubeide_1.10.0/stm32cubeide/plugins/com.st.stm32cube.ide.mcu.externaltools.gnu-tools-for-stm32.10.3-2021.10.win32_1.0.0.202111181127/tools/bin/../lib/gcc/arm-none-eabi/10.3.1/../../../../arm-none-eabi/lib/thumb/v7e-m+dp/hard\libc_nano.a(lib_a-lock.o)
                0x0000000008007cf6                __retarget_lock_acquire_recursive
 .text.__retarget_lock_release_recursive
                0x0000000008007cf8        0x2 c:/st/stm32cubeide_1.10.0/stm32cubeide/plugins/com.st.stm32cube.ide.mcu.externaltools.gnu-tools-for-stm32.10.3-2021.10.win32_1.0.0.202111181127/tools/bin/../lib/gcc/arm-none-eabi/10.3.1/../../../../arm-none-eabi/lib/thumb/v7e-m+dp/hard\libc_nano.a(lib_a-lock.o)
                0x0000000008007cf8                __retarget_lock_release_recursive
 .text.__swhatbuf_r
                0x0000000008007cfa       0x4a c:/st/stm32cubeide_1.10.0/stm32cubeide/plugins/com.st.stm32cube.ide.mcu.externaltools.gnu-tools-for-stm32.10.3-2021.10.win32_1.0.0.202111181127/tools/bin/../lib/gcc/arm-none-eabi/10.3.1/../../../../arm-none-eabi/lib/thumb/v7e-m+dp/hard\libc_nano.a(lib_a-makebuf.o)
                0x0000000008007cfa                __swhatbuf_r
 .text.__smakebuf_r
                0x0000000008007d44       0x80 c:/st/stm32cubeide_1.10.0/stm32cubeide/plugins/com.st.stm32cube.ide.mcu.externaltools.gnu-tools-for-stm32.10.3-2021.10.win32_1.0.0.202111181127/tools/bin/../lib/gcc/arm-none-eabi/10.3.1/../../../../arm-none-eabi/lib/thumb/v7e-m+dp/hard\libc_nano.a(lib_a-makebuf.o)
                0x0000000008007d44                __smakebuf_r
 .text.malloc   0x0000000008007dc4       0x10 c:/st/stm32cubeide_1.10.0/stm32cubeide/plugins/com.st.stm32cube.ide.mcu.externaltools.gnu-tools-for-stm32.10.3-2021.10.win32_1.0.0.202111181127/tools/bin/../lib/gcc/arm-none-eabi/10.3.1/../../../../arm-none-eabi/lib/thumb/v7e-m+dp/hard\libc_nano.a(lib_a-malloc.o)
                0x0000000008007dc4                malloc
 .text.memcpy   0x0000000008007dd4       0x1c c:/st/stm32cubeide_1.10.0/stm32cubeide/plugins/com.st.stm32cube.ide.mcu.externaltools.gnu-tools-for-stm32.10.3-2021.10.win32_1.0.0.202111181127/tools/bin/../lib/gcc/arm-none-eabi/10.3.1/../../../../arm-none-eabi/lib/thumb/v7e-m+dp/hard\libc_nano.a(lib_a-memcpy-stub.o)
                0x0000000008007dd4                memcpy
 .text._Balloc  0x0000000008007df0       0x80 c:/st/stm32cubeide_1.10.0/stm32cubeide/plugins/com.st.stm32cube.ide.mcu.externaltools.gnu-tools-for-stm32.10.3-2021.10.win32_1.0.0.202111181127/tools/bin/../lib/gcc/arm-none-eabi/10.3.1/../../../../arm-none-eabi/lib/thumb/v7e-m+dp/hard\libc_nano.a(lib_a-mprec.o)
                0x0000000008007df0                _Balloc
 .text._Bfree   0x0000000008007e70       0x44 c:/st/stm32cubeide_1.10.0/stm32cubeide/plugins/com.st.stm32cube.ide.mcu.externaltools.gnu-tools-for-stm32.10.3-2021.10.win32_1.0.0.202111181127/tools/bin/../lib/gcc/arm-none-eabi/10.3.1/../../../../arm-none-eabi/lib/thumb/v7e-m+dp/hard\libc_nano.a(lib_a-mprec.o)
                0x0000000008007e70                _Bfree
 .text.__multadd
                0x0000000008007eb4       0x8c c:/st/stm32cubeide_1.10.0/stm32cubeide/plugins/com.st.stm32cube.ide.mcu.externaltools.gnu-tools-for-stm32.10.3-2021.10.win32_1.0.0.202111181127/tools/bin/../lib/gcc/arm-none-eabi/10.3.1/../../../../arm-none-eabi/lib/thumb/v7e-m+dp/hard\libc_nano.a(lib_a-mprec.o)
                0x0000000008007eb4                __multadd
 .text.__hi0bits
                0x0000000008007f40       0x40 c:/st/stm32cubeide_1.10.0/stm32cubeide/plugins/com.st.stm32cube.ide.mcu.externaltools.gnu-tools-for-stm32.10.3-2021.10.win32_1.0.0.202111181127/tools/bin/../lib/gcc/arm-none-eabi/10.3.1/../../../../arm-none-eabi/lib/thumb/v7e-m+dp/hard\libc_nano.a(lib_a-mprec.o)
                0x0000000008007f40                __hi0bits
 .text.__lo0bits
                0x0000000008007f80       0x5e c:/st/stm32cubeide_1.10.0/stm32cubeide/plugins/com.st.stm32cube.ide.mcu.externaltools.gnu-tools-for-stm32.10.3-2021.10.win32_1.0.0.202111181127/tools/bin/../lib/gcc/arm-none-eabi/10.3.1/../../../../arm-none-eabi/lib/thumb/v7e-m+dp/hard\libc_nano.a(lib_a-mprec.o)
                0x0000000008007f80                __lo0bits
 *fill*         0x0000000008007fde        0x2 
 .text.__i2b    0x0000000008007fe0       0x2c c:/st/stm32cubeide_1.10.0/stm32cubeide/plugins/com.st.stm32cube.ide.mcu.externaltools.gnu-tools-for-stm32.10.3-2021.10.win32_1.0.0.202111181127/tools/bin/../lib/gcc/arm-none-eabi/10.3.1/../../../../arm-none-eabi/lib/thumb/v7e-m+dp/hard\libc_nano.a(lib_a-mprec.o)
                0x0000000008007fe0                __i2b
 .text.__multiply
                0x000000000800800c      0x154 c:/st/stm32cubeide_1.10.0/stm32cubeide/plugins/com.st.stm32cube.ide.mcu.externaltools.gnu-tools-for-stm32.10.3-2021.10.win32_1.0.0.202111181127/tools/bin/../lib/gcc/arm-none-eabi/10.3.1/../../../../arm-none-eabi/lib/thumb/v7e-m+dp/hard\libc_nano.a(lib_a-mprec.o)
                0x000000000800800c                __multiply
 .text.__pow5mult
                0x0000000008008160       0xb4 c:/st/stm32cubeide_1.10.0/stm32cubeide/plugins/com.st.stm32cube.ide.mcu.externaltools.gnu-tools-for-stm32.10.3-2021.10.win32_1.0.0.202111181127/tools/bin/../lib/gcc/arm-none-eabi/10.3.1/../../../../arm-none-eabi/lib/thumb/v7e-m+dp/hard\libc_nano.a(lib_a-mprec.o)
                0x0000000008008160                __pow5mult
 .text.__lshift
                0x0000000008008214       0xe0 c:/st/stm32cubeide_1.10.0/stm32cubeide/plugins/com.st.stm32cube.ide.mcu.externaltools.gnu-tools-for-stm32.10.3-2021.10.win32_1.0.0.202111181127/tools/bin/../lib/gcc/arm-none-eabi/10.3.1/../../../../arm-none-eabi/lib/thumb/v7e-m+dp/hard\libc_nano.a(lib_a-mprec.o)
                0x0000000008008214                __lshift
 .text.__mcmp   0x00000000080082f4       0x38 c:/st/stm32cubeide_1.10.0/stm32cubeide/plugins/com.st.stm32cube.ide.mcu.externaltools.gnu-tools-for-stm32.10.3-2021.10.win32_1.0.0.202111181127/tools/bin/../lib/gcc/arm-none-eabi/10.3.1/../../../../arm-none-eabi/lib/thumb/v7e-m+dp/hard\libc_nano.a(lib_a-mprec.o)
                0x00000000080082f4                __mcmp
 .text.__mdiff  0x000000000800832c      0x114 c:/st/stm32cubeide_1.10.0/stm32cubeide/plugins/com.st.stm32cube.ide.mcu.externaltools.gnu-tools-for-stm32.10.3-2021.10.win32_1.0.0.202111181127/tools/bin/../lib/gcc/arm-none-eabi/10.3.1/../../../../arm-none-eabi/lib/thumb/v7e-m+dp/hard\libc_nano.a(lib_a-mprec.o)
                0x000000000800832c                __mdiff
 .text.__d2b    0x0000000008008440       0xb8 c:/st/stm32cubeide_1.10.0/stm32cubeide/plugins/com.st.stm32cube.ide.mcu.externaltools.gnu-tools-for-stm32.10.3-2021.10.win32_1.0.0.202111181127/tools/bin/../lib/gcc/arm-none-eabi/10.3.1/../../../../arm-none-eabi/lib/thumb/v7e-m+dp/hard\libc_nano.a(lib_a-mprec.o)
                0x0000000008008440                __d2b
 .text._calloc_r
                0x00000000080084f8       0x2c c:/st/stm32cubeide_1.10.0/stm32cubeide/plugins/com.st.stm32cube.ide.mcu.externaltools.gnu-tools-for-stm32.10.3-2021.10.win32_1.0.0.202111181127/tools/bin/../lib/gcc/arm-none-eabi/10.3.1/../../../../arm-none-eabi/lib/thumb/v7e-m+dp/hard\libc_nano.a(lib_a-nano-callocr.o)
                0x00000000080084f8                _calloc_r
 .text._free_r  0x0000000008008524       0x98 c:/st/stm32cubeide_1.10.0/stm32cubeide/plugins/com.st.stm32cube.ide.mcu.externaltools.gnu-tools-for-stm32.10.3-2021.10.win32_1.0.0.202111181127/tools/bin/../lib/gcc/arm-none-eabi/10.3.1/../../../../arm-none-eabi/lib/thumb/v7e-m+dp/hard\libc_nano.a(lib_a-nano-freer.o)
                0x0000000008008524                _free_r
 .text.sbrk_aligned
                0x00000000080085bc       0x40 c:/st/stm32cubeide_1.10.0/stm32cubeide/plugins/com.st.stm32cube.ide.mcu.externaltools.gnu-tools-for-stm32.10.3-2021.10.win32_1.0.0.202111181127/tools/bin/../lib/gcc/arm-none-eabi/10.3.1/../../../../arm-none-eabi/lib/thumb/v7e-m+dp/hard\libc_nano.a(lib_a-nano-mallocr.o)
 .text._malloc_r
                0x00000000080085fc       0xe8 c:/st/stm32cubeide_1.10.0/stm32cubeide/plugins/com.st.stm32cube.ide.mcu.externaltools.gnu-tools-for-stm32.10.3-2021.10.win32_1.0.0.202111181127/tools/bin/../lib/gcc/arm-none-eabi/10.3.1/../../../../arm-none-eabi/lib/thumb/v7e-m+dp/hard\libc_nano.a(lib_a-nano-mallocr.o)
                0x00000000080085fc                _malloc_r
 .text.__sfputc_r
                0x00000000080086e4       0x2e c:/st/stm32cubeide_1.10.0/stm32cubeide/plugins/com.st.stm32cube.ide.mcu.externaltools.gnu-tools-for-stm32.10.3-2021.10.win32_1.0.0.202111181127/tools/bin/../lib/gcc/arm-none-eabi/10.3.1/../../../../arm-none-eabi/lib/thumb/v7e-m+dp/hard\libc_nano.a(lib_a-nano-vfprintf.o)
 .text.__sfputs_r
                0x0000000008008712       0x24 c:/st/stm32cubeide_1.10.0/stm32cubeide/plugins/com.st.stm32cube.ide.mcu.externaltools.gnu-tools-for-stm32.10.3-2021.10.win32_1.0.0.202111181127/tools/bin/../lib/gcc/arm-none-eabi/10.3.1/../../../../arm-none-eabi/lib/thumb/v7e-m+dp/hard\libc_nano.a(lib_a-nano-vfprintf.o)
                0x0000000008008712                __sfputs_r
 *fill*         0x0000000008008736        0x2 
 .text._vfprintf_r
                0x0000000008008738      0x260 c:/st/stm32cubeide_1.10.0/stm32cubeide/plugins/com.st.stm32cube.ide.mcu.externaltools.gnu-tools-for-stm32.10.3-2021.10.win32_1.0.0.202111181127/tools/bin/../lib/gcc/arm-none-eabi/10.3.1/../../../../arm-none-eabi/lib/thumb/v7e-m+dp/hard\libc_nano.a(lib_a-nano-vfprintf.o)
                0x0000000008008738                _vfprintf_r
                0x0000000008008738                _vfiprintf_r
 .text._sbrk_r  0x0000000008008998       0x20 c:/st/stm32cubeide_1.10.0/stm32cubeide/plugins/com.st.stm32cube.ide.mcu.externaltools.gnu-tools-for-stm32.10.3-2021.10.win32_1.0.0.202111181127/tools/bin/../lib/gcc/arm-none-eabi/10.3.1/../../../../arm-none-eabi/lib/thumb/v7e-m+dp/hard\libc_nano.a(lib_a-sbrkr.o)
                0x0000000008008998                _sbrk_r
 .text.__sread  0x00000000080089b8       0x22 c:/st/stm32cubeide_1.10.0/stm32cubeide/plugins/com.st.stm32cube.ide.mcu.externaltools.gnu-tools-for-stm32.10.3-2021.10.win32_1.0.0.202111181127/tools/bin/../lib/gcc/arm-none-eabi/10.3.1/../../../../arm-none-eabi/lib/thumb/v7e-m+dp/hard\libc_nano.a(lib_a-stdio.o)
                0x00000000080089b8                __sread
 .text.__swrite
                0x00000000080089da       0x38 c:/st/stm32cubeide_1.10.0/stm32cubeide/plugins/com.st.stm32cube.ide.mcu.externaltools.gnu-tools-for-stm32.10.3-2021.10.win32_1.0.0.202111181127/tools/bin/../lib/gcc/arm-none-eabi/10.3.1/../../../../arm-none-eabi/lib/thumb/v7e-m+dp/hard\libc_nano.a(lib_a-stdio.o)
                0x00000000080089da                __swrite
 .text.__sseek  0x0000000008008a12       0x24 c:/st/stm32cubeide_1.10.0/stm32cubeide/plugins/com.st.stm32cube.ide.mcu.externaltools.gnu-tools-for-stm32.10.3-2021.10.win32_1.0.0.202111181127/tools/bin/../lib/gcc/arm-none-eabi/10.3.1/../../../../arm-none-eabi/lib/thumb/v7e-m+dp/hard\libc_nano.a(lib_a-stdio.o)
                0x0000000008008a12                __sseek
 .text.__sclose
                0x0000000008008a36        0x8 c:/st/stm32cubeide_1.10.0/stm32cubeide/plugins/com.st.stm32cube.ide.mcu.externaltools.gnu-tools-for-stm32.10.3-2021.10.win32_1.0.0.202111181127/tools/bin/../lib/gcc/arm-none-eabi/10.3.1/../../../../arm-none-eabi/lib/thumb/v7e-m+dp/hard\libc_nano.a(lib_a-stdio.o)
                0x0000000008008a36                __sclose
 *fill*         0x0000000008008a3e        0x2 
 .text._write_r
                0x0000000008008a40       0x24 c:/st/stm32cubeide_1.10.0/stm32cubeide/plugins/com.st.stm32cube.ide.mcu.externaltools.gnu-tools-for-stm32.10.3-2021.10.win32_1.0.0.202111181127/tools/bin/../lib/gcc/arm-none-eabi/10.3.1/../../../../arm-none-eabi/lib/thumb/v7e-m+dp/hard\libc_nano.a(lib_a-writer.o)
                0x0000000008008a40                _write_r
 .text.__assert_func
                0x0000000008008a64       0x3c c:/st/stm32cubeide_1.10.0/stm32cubeide/plugins/com.st.stm32cube.ide.mcu.externaltools.gnu-tools-for-stm32.10.3-2021.10.win32_1.0.0.202111181127/tools/bin/../lib/gcc/arm-none-eabi/10.3.1/../../../../arm-none-eabi/lib/thumb/v7e-m+dp/hard\libc_nano.a(lib_a-assert.o)
                0x0000000008008a64                __assert_func
 .text._close_r
                0x0000000008008aa0       0x20 c:/st/stm32cubeide_1.10.0/stm32cubeide/plugins/com.st.stm32cube.ide.mcu.externaltools.gnu-tools-for-stm32.10.3-2021.10.win32_1.0.0.202111181127/tools/bin/../lib/gcc/arm-none-eabi/10.3.1/../../../../arm-none-eabi/lib/thumb/v7e-m+dp/hard\libc_nano.a(lib_a-closer.o)
                0x0000000008008aa0                _close_r
 .text.fprintf  0x0000000008008ac0       0x24 c:/st/stm32cubeide_1.10.0/stm32cubeide/plugins/com.st.stm32cube.ide.mcu.externaltools.gnu-tools-for-stm32.10.3-2021.10.win32_1.0.0.202111181127/tools/bin/../lib/gcc/arm-none-eabi/10.3.1/../../../../arm-none-eabi/lib/thumb/v7e-m+dp/hard\libc_nano.a(lib_a-fprintf.o)
                0x0000000008008ac0                fiprintf
                0x0000000008008ac0                fprintf
 .text._fstat_r
                0x0000000008008ae4       0x24 c:/st/stm32cubeide_1.10.0/stm32cubeide/plugins/com.st.stm32cube.ide.mcu.externaltools.gnu-tools-for-stm32.10.3-2021.10.win32_1.0.0.202111181127/tools/bin/../lib/gcc/arm-none-eabi/10.3.1/../../../../arm-none-eabi/lib/thumb/v7e-m+dp/hard\libc_nano.a(lib_a-fstatr.o)
                0x0000000008008ae4                _fstat_r
 .text._isatty_r
                0x0000000008008b08       0x20 c:/st/stm32cubeide_1.10.0/stm32cubeide/plugins/com.st.stm32cube.ide.mcu.externaltools.gnu-tools-for-stm32.10.3-2021.10.win32_1.0.0.202111181127/tools/bin/../lib/gcc/arm-none-eabi/10.3.1/../../../../arm-none-eabi/lib/thumb/v7e-m+dp/hard\libc_nano.a(lib_a-isattyr.o)
                0x0000000008008b08                _isatty_r
 .text._lseek_r
                0x0000000008008b28       0x24 c:/st/stm32cubeide_1.10.0/stm32cubeide/plugins/com.st.stm32cube.ide.mcu.externaltools.gnu-tools-for-stm32.10.3-2021.10.win32_1.0.0.202111181127/tools/bin/../lib/gcc/arm-none-eabi/10.3.1/../../../../arm-none-eabi/lib/thumb/v7e-m+dp/hard\libc_nano.a(lib_a-lseekr.o)
                0x0000000008008b28                _lseek_r
 .text.__ascii_mbtowc
                0x0000000008008b4c       0x24 c:/st/stm32cubeide_1.10.0/stm32cubeide/plugins/com.st.stm32cube.ide.mcu.externaltools.gnu-tools-for-stm32.10.3-2021.10.win32_1.0.0.202111181127/tools/bin/../lib/gcc/arm-none-eabi/10.3.1/../../../../arm-none-eabi/lib/thumb/v7e-m+dp/hard\libc_nano.a(lib_a-mbtowc_r.o)
                0x0000000008008b4c                __ascii_mbtowc
 .text.__malloc_lock
                0x0000000008008b70        0xc c:/st/stm32cubeide_1.10.0/stm32cubeide/plugins/com.st.stm32cube.ide.mcu.externaltools.gnu-tools-for-stm32.10.3-2021.10.win32_1.0.0.202111181127/tools/bin/../lib/gcc/arm-none-eabi/10.3.1/../../../../arm-none-eabi/lib/thumb/v7e-m+dp/hard\libc_nano.a(lib_a-mlock.o)
                0x0000000008008b70                __malloc_lock
 .text.__malloc_unlock
                0x0000000008008b7c        0xc c:/st/stm32cubeide_1.10.0/stm32cubeide/plugins/com.st.stm32cube.ide.mcu.externaltools.gnu-tools-for-stm32.10.3-2021.10.win32_1.0.0.202111181127/tools/bin/../lib/gcc/arm-none-eabi/10.3.1/../../../../arm-none-eabi/lib/thumb/v7e-m+dp/hard\libc_nano.a(lib_a-mlock.o)
                0x0000000008008b7c                __malloc_unlock
 .text._read_r  0x0000000008008b88       0x24 c:/st/stm32cubeide_1.10.0/stm32cubeide/plugins/com.st.stm32cube.ide.mcu.externaltools.gnu-tools-for-stm32.10.3-2021.10.win32_1.0.0.202111181127/tools/bin/../lib/gcc/arm-none-eabi/10.3.1/../../../../arm-none-eabi/lib/thumb/v7e-m+dp/hard\libc_nano.a(lib_a-readr.o)
                0x0000000008008b88                _read_r
 .text.__ascii_wctomb
                0x0000000008008bac       0x1a c:/st/stm32cubeide_1.10.0/stm32cubeide/plugins/com.st.stm32cube.ide.mcu.externaltools.gnu-tools-for-stm32.10.3-2021.10.win32_1.0.0.202111181127/tools/bin/../lib/gcc/arm-none-eabi/10.3.1/../../../../arm-none-eabi/lib/thumb/v7e-m+dp/hard\libc_nano.a(lib_a-wctomb_r.o)
                0x0000000008008bac                __ascii_wctomb
 .text.abort    0x0000000008008bc6        0xe c:/st/stm32cubeide_1.10.0/stm32cubeide/plugins/com.st.stm32cube.ide.mcu.externaltools.gnu-tools-for-stm32.10.3-2021.10.win32_1.0.0.202111181127/tools/bin/../lib/gcc/arm-none-eabi/10.3.1/../../../../arm-none-eabi/lib/thumb/v7e-m+dp/hard\libc_nano.a(lib_a-abort.o)
                0x0000000008008bc6                abort
 .text._raise_r
                0x0000000008008bd4       0x50 c:/st/stm32cubeide_1.10.0/stm32cubeide/plugins/com.st.stm32cube.ide.mcu.externaltools.gnu-tools-for-stm32.10.3-2021.10.win32_1.0.0.202111181127/tools/bin/../lib/gcc/arm-none-eabi/10.3.1/../../../../arm-none-eabi/lib/thumb/v7e-m+dp/hard\libc_nano.a(lib_a-signal.o)
                0x0000000008008bd4                _raise_r
 .text.raise    0x0000000008008c24       0x10 c:/st/stm32cubeide_1.10.0/stm32cubeide/plugins/com.st.stm32cube.ide.mcu.externaltools.gnu-tools-for-stm32.10.3-2021.10.win32_1.0.0.202111181127/tools/bin/../lib/gcc/arm-none-eabi/10.3.1/../../../../arm-none-eabi/lib/thumb/v7e-m+dp/hard\libc_nano.a(lib_a-signal.o)
                0x0000000008008c24                raise
 .text._kill_r  0x0000000008008c34       0x24 c:/st/stm32cubeide_1.10.0/stm32cubeide/plugins/com.st.stm32cube.ide.mcu.externaltools.gnu-tools-for-stm32.10.3-2021.10.win32_1.0.0.202111181127/tools/bin/../lib/gcc/arm-none-eabi/10.3.1/../../../../arm-none-eabi/lib/thumb/v7e-m+dp/hard\libc_nano.a(lib_a-signalr.o)
                0x0000000008008c34                _kill_r
 .text._getpid_r
                0x0000000008008c58        0x4 c:/st/stm32cubeide_1.10.0/stm32cubeide/plugins/com.st.stm32cube.ide.mcu.externaltools.gnu-tools-for-stm32.10.3-2021.10.win32_1.0.0.202111181127/tools/bin/../lib/gcc/arm-none-eabi/10.3.1/../../../../arm-none-eabi/lib/thumb/v7e-m+dp/hard\libc_nano.a(lib_a-signalr.o)
                0x0000000008008c58                _getpid_r
 .text.log10f   0x0000000008008c5c       0x5c c:/st/stm32cubeide_1.10.0/stm32cubeide/plugins/com.st.stm32cube.ide.mcu.externaltools.gnu-tools-for-stm32.10.3-2021.10.win32_1.0.0.202111181127/tools/bin/../lib/gcc/arm-none-eabi/10.3.1/../../../../arm-none-eabi/lib/thumb/v7e-m+dp/hard\libm.a(lib_a-wf_log10.o)
                0x0000000008008c5c                log10f
 .text.sqrtf    0x0000000008008cb8       0x3c c:/st/stm32cubeide_1.10.0/stm32cubeide/plugins/com.st.stm32cube.ide.mcu.externaltools.gnu-tools-for-stm32.10.3-2021.10.win32_1.0.0.202111181127/tools/bin/../lib/gcc/arm-none-eabi/10.3.1/../../../../arm-none-eabi/lib/thumb/v7e-m+dp/hard\libm.a(lib_a-wf_sqrt.o)
                0x0000000008008cb8                sqrtf
 .text.__ieee754_log10f
                0x0000000008008cf4       0xb0 c:/st/stm32cubeide_1.10.0/stm32cubeide/plugins/com.st.stm32cube.ide.mcu.externaltools.gnu-tools-for-stm32.10.3-2021.10.win32_1.0.0.202111181127/tools/bin/../lib/gcc/arm-none-eabi/10.3.1/../../../../arm-none-eabi/lib/thumb/v7e-m+dp/hard\libm.a(lib_a-ef_log10.o)
                0x0000000008008cf4                __ieee754_log10f
 .text.__ieee754_sqrtf
                0x0000000008008da4        0x6 c:/st/stm32cubeide_1.10.0/stm32cubeide/plugins/com.st.stm32cube.ide.mcu.externaltools.gnu-tools-for-stm32.10.3-2021.10.win32_1.0.0.202111181127/tools/bin/../lib/gcc/arm-none-eabi/10.3.1/../../../../arm-none-eabi/lib/thumb/v7e-m+dp/hard\libm.a(lib_a-ef_sqrt.o)
                0x0000000008008da4                __ieee754_sqrtf
 *fill*         0x0000000008008daa        0x2 
 .text.logf     0x0000000008008dac       0xcc c:/st/stm32cubeide_1.10.0/stm32cubeide/plugins/com.st.stm32cube.ide.mcu.externaltools.gnu-tools-for-stm32.10.3-2021.10.win32_1.0.0.202111181127/tools/bin/../lib/gcc/arm-none-eabi/10.3.1/../../../../arm-none-eabi/lib/thumb/v7e-m+dp/hard\libm.a(lib_a-sf_log.o)
                0x0000000008008dac                logf
 .text.nanf     0x0000000008008e78        0xc c:/st/stm32cubeide_1.10.0/stm32cubeide/plugins/com.st.stm32cube.ide.mcu.externaltools.gnu-tools-for-stm32.10.3-2021.10.win32_1.0.0.202111181127/tools/bin/../lib/gcc/arm-none-eabi/10.3.1/../../../../arm-none-eabi/lib/thumb/v7e-m+dp/hard\libm.a(lib_a-sf_nan.o)
                0x0000000008008e78                nanf
 .text.with_errnof
                0x0000000008008e84       0x16 c:/st/stm32cubeide_1.10.0/stm32cubeide/plugins/com.st.stm32cube.ide.mcu.externaltools.gnu-tools-for-stm32.10.3-2021.10.win32_1.0.0.202111181127/tools/bin/../lib/gcc/arm-none-eabi/10.3.1/../../../../arm-none-eabi/lib/thumb/v7e-m+dp/hard\libm.a(lib_a-math_errf.o)
 *fill*         0x0000000008008e9a        0x2 
 .text.__math_divzerof
                0x0000000008008e9c       0x20 c:/st/stm32cubeide_1.10.0/stm32cubeide/plugins/com.st.stm32cube.ide.mcu.externaltools.gnu-tools-for-stm32.10.3-2021.10.win32_1.0.0.202111181127/tools/bin/../lib/gcc/arm-none-eabi/10.3.1/../../../../arm-none-eabi/lib/thumb/v7e-m+dp/hard\libm.a(lib_a-math_errf.o)
                0x0000000008008e9c                __math_divzerof
 .text.__math_invalidf
                0x0000000008008ebc       0x1e c:/st/stm32cubeide_1.10.0/stm32cubeide/plugins/com.st.stm32cube.ide.mcu.externaltools.gnu-tools-for-stm32.10.3-2021.10.win32_1.0.0.202111181127/tools/bin/../lib/gcc/arm-none-eabi/10.3.1/../../../../arm-none-eabi/lib/thumb/v7e-m+dp/hard\libm.a(lib_a-math_errf.o)
                0x0000000008008ebc                __math_invalidf
 *(.glue_7)
 .glue_7        0x0000000008008eda        0x0 linker stubs
 *(.glue_7t)
 .glue_7t       0x0000000008008eda        0x0 linker stubs
 *(.eh_frame)
 *fill*         0x0000000008008eda        0x2 
 .eh_frame      0x0000000008008edc        0x0 c:/st/stm32cubeide_1.10.0/stm32cubeide/plugins/com.st.stm32cube.ide.mcu.externaltools.gnu-tools-for-stm32.10.3-2021.10.win32_1.0.0.202111181127/tools/bin/../lib/gcc/arm-none-eabi/10.3.1/thumb/v7e-m+dp/hard/crtbegin.o
 *(.init)
 .init          0x0000000008008edc        0x4 c:/st/stm32cubeide_1.10.0/stm32cubeide/plugins/com.st.stm32cube.ide.mcu.externaltools.gnu-tools-for-stm32.10.3-2021.10.win32_1.0.0.202111181127/tools/bin/../lib/gcc/arm-none-eabi/10.3.1/thumb/v7e-m+dp/hard/crti.o
                0x0000000008008edc                _init
 .init          0x0000000008008ee0        0x8 c:/st/stm32cubeide_1.10.0/stm32cubeide/plugins/com.st.stm32cube.ide.mcu.externaltools.gnu-tools-for-stm32.10.3-2021.10.win32_1.0.0.202111181127/tools/bin/../lib/gcc/arm-none-eabi/10.3.1/thumb/v7e-m+dp/hard/crtn.o
 *(.fini)
 .fini          0x0000000008008ee8        0x4 c:/st/stm32cubeide_1.10.0/stm32cubeide/plugins/com.st.stm32cube.ide.mcu.externaltools.gnu-tools-for-stm32.10.3-2021.10.win32_1.0.0.202111181127/tools/bin/../lib/gcc/arm-none-eabi/10.3.1/thumb/v7e-m+dp/hard/crti.o
                0x0000000008008ee8                _fini
 .fini          0x0000000008008eec        0x8 c:/st/stm32cubeide_1.10.0/stm32cubeide/plugins/com.st.stm32cube.ide.mcu.externaltools.gnu-tools-for-stm32.10.3-2021.10.win32_1.0.0.202111181127/tools/bin/../lib/gcc/arm-none-eabi/10.3.1/thumb/v7e-m+dp/hard/crtn.o
                0x0000000008008ef4                . = ALIGN (0x4)
                0x0000000008008ef4                _etext = .

.vfp11_veneer   0x0000000008008ef4        0x0
 .vfp11_veneer  0x0000000008008ef4        0x0 linker stubs

.v4_bx          0x0000000008008ef4        0x0
 .v4_bx         0x0000000008008ef4        0x0 linker stubs

.iplt           0x0000000008008ef4        0x0
 .iplt          0x0000000008008ef4        0x0 c:/st/stm32cubeide_1.10.0/stm32cubeide/plugins/com.st.stm32cube.ide.mcu.externaltools.gnu-tools-for-stm32.10.3-2021.10.win32_1.0.0.202111181127/tools/bin/../lib/gcc/arm-none-eabi/10.3.1/thumb/v7e-m+dp/hard/crtbegin.o

.rodata         0x0000000008008ef8    0x141d8
                0x0000000008008ef8                . = ALIGN (0x4)
 *(.rodata)
 .rodata        0x0000000008008ef8       0x5d ./Core/Src/main.o
 *(.rodata*)
 *fill*         0x0000000008008f55        0x3 
 .rodata.AHBPrescTable
                0x0000000008008f58       0x10 ./Core/Src/system_stm32f7xx.o
                0x0000000008008f58                AHBPrescTable
 .rodata.APBPrescTable
                0x0000000008008f68        0x8 ./Core/Src/system_stm32f7xx.o
                0x0000000008008f68                APBPrescTable
 .rodata.flagBitshiftOffset.0
                0x0000000008008f70        0x8 ./Drivers/STM32F7xx_HAL_Driver/Src/stm32f7xx_hal_dma.o
 .rodata.twiddleCoef_2048
                0x0000000008008f78     0x4000 C:\Users\user\STM32CubeIDE\workspace_1.10.0\Projekt2\Drivers\CMSIS\Lib\GCC\libarm_cortexM4lf_math.a(arm_common_tables.o)
                0x0000000008008f78                twiddleCoef_2048
 .rodata.twiddleCoef_rfft_64
                0x000000000800cf78      0x100 C:\Users\user\STM32CubeIDE\workspace_1.10.0\Projekt2\Drivers\CMSIS\Lib\GCC\libarm_cortexM4lf_math.a(arm_common_tables.o)
                0x000000000800cf78                twiddleCoef_rfft_64
 .rodata.armBitRevIndexTable64
                0x000000000800d078       0x70 C:\Users\user\STM32CubeIDE\workspace_1.10.0\Projekt2\Drivers\CMSIS\Lib\GCC\libarm_cortexM4lf_math.a(arm_common_tables.o)
                0x000000000800d078                armBitRevIndexTable64
 .rodata.twiddleCoef_rfft_2048
                0x000000000800d0e8     0x2000 C:\Users\user\STM32CubeIDE\workspace_1.10.0\Projekt2\Drivers\CMSIS\Lib\GCC\libarm_cortexM4lf_math.a(arm_common_tables.o)
                0x000000000800d0e8                twiddleCoef_rfft_2048
 .rodata.twiddleCoef_rfft_4096
                0x000000000800f0e8     0x4000 C:\Users\user\STM32CubeIDE\workspace_1.10.0\Projekt2\Drivers\CMSIS\Lib\GCC\libarm_cortexM4lf_math.a(arm_common_tables.o)
                0x000000000800f0e8                twiddleCoef_rfft_4096
 .rodata.twiddleCoef_256
                0x00000000080130e8      0x800 C:\Users\user\STM32CubeIDE\workspace_1.10.0\Projekt2\Drivers\CMSIS\Lib\GCC\libarm_cortexM4lf_math.a(arm_common_tables.o)
                0x00000000080130e8                twiddleCoef_256
 .rodata.twiddleCoef_16
                0x00000000080138e8       0x80 C:\Users\user\STM32CubeIDE\workspace_1.10.0\Projekt2\Drivers\CMSIS\Lib\GCC\libarm_cortexM4lf_math.a(arm_common_tables.o)
                0x00000000080138e8                twiddleCoef_16
 .rodata.twiddleCoef_1024
                0x0000000008013968     0x2000 C:\Users\user\STM32CubeIDE\workspace_1.10.0\Projekt2\Drivers\CMSIS\Lib\GCC\libarm_cortexM4lf_math.a(arm_common_tables.o)
                0x0000000008013968                twiddleCoef_1024
 .rodata.twiddleCoef_32
                0x0000000008015968      0x100 C:\Users\user\STM32CubeIDE\workspace_1.10.0\Projekt2\Drivers\CMSIS\Lib\GCC\libarm_cortexM4lf_math.a(arm_common_tables.o)
                0x0000000008015968                twiddleCoef_32
 .rodata.armBitRevIndexTable1024
                0x0000000008015a68      0xe10 C:\Users\user\STM32CubeIDE\workspace_1.10.0\Projekt2\Drivers\CMSIS\Lib\GCC\libarm_cortexM4lf_math.a(arm_common_tables.o)
                0x0000000008015a68                armBitRevIndexTable1024
 .rodata.armBitRevIndexTable16
                0x0000000008016878       0x28 C:\Users\user\STM32CubeIDE\workspace_1.10.0\Projekt2\Drivers\CMSIS\Lib\GCC\libarm_cortexM4lf_math.a(arm_common_tables.o)
                0x0000000008016878                armBitRevIndexTable16
 .rodata.twiddleCoef_rfft_32
                0x00000000080168a0       0x80 C:\Users\user\STM32CubeIDE\workspace_1.10.0\Projekt2\Drivers\CMSIS\Lib\GCC\libarm_cortexM4lf_math.a(arm_common_tables.o)
                0x00000000080168a0                twiddleCoef_rfft_32
 .rodata.armBitRevIndexTable32
                0x0000000008016920       0x60 C:\Users\user\STM32CubeIDE\workspace_1.10.0\Projekt2\Drivers\CMSIS\Lib\GCC\libarm_cortexM4lf_math.a(arm_common_tables.o)
                0x0000000008016920                armBitRevIndexTable32
 .rodata.sinTable_f32
                0x0000000008016980      0x804 C:\Users\user\STM32CubeIDE\workspace_1.10.0\Projekt2\Drivers\CMSIS\Lib\GCC\libarm_cortexM4lf_math.a(arm_common_tables.o)
                0x0000000008016980                sinTable_f32
 .rodata.twiddleCoef_128
                0x0000000008017184      0x400 C:\Users\user\STM32CubeIDE\workspace_1.10.0\Projekt2\Drivers\CMSIS\Lib\GCC\libarm_cortexM4lf_math.a(arm_common_tables.o)
                0x0000000008017184                twiddleCoef_128
 .rodata.twiddleCoef_512
                0x0000000008017584     0x1000 C:\Users\user\STM32CubeIDE\workspace_1.10.0\Projekt2\Drivers\CMSIS\Lib\GCC\libarm_cortexM4lf_math.a(arm_common_tables.o)
                0x0000000008017584                twiddleCoef_512
 .rodata.armBitRevIndexTable2048
                0x0000000008018584     0x1dc0 C:\Users\user\STM32CubeIDE\workspace_1.10.0\Projekt2\Drivers\CMSIS\Lib\GCC\libarm_cortexM4lf_math.a(arm_common_tables.o)
                0x0000000008018584                armBitRevIndexTable2048
 .rodata.twiddleCoef_64
                0x000000000801a344      0x200 C:\Users\user\STM32CubeIDE\workspace_1.10.0\Projekt2\Drivers\CMSIS\Lib\GCC\libarm_cortexM4lf_math.a(arm_common_tables.o)
                0x000000000801a344                twiddleCoef_64
 .rodata.twiddleCoef_rfft_512
                0x000000000801a544      0x800 C:\Users\user\STM32CubeIDE\workspace_1.10.0\Projekt2\Drivers\CMSIS\Lib\GCC\libarm_cortexM4lf_math.a(arm_common_tables.o)
                0x000000000801a544                twiddleCoef_rfft_512
 .rodata.armBitRevIndexTable512
                0x000000000801ad44      0x380 C:\Users\user\STM32CubeIDE\workspace_1.10.0\Projekt2\Drivers\CMSIS\Lib\GCC\libarm_cortexM4lf_math.a(arm_common_tables.o)
                0x000000000801ad44                armBitRevIndexTable512
 .rodata.twiddleCoef_rfft_1024
                0x000000000801b0c4     0x1000 C:\Users\user\STM32CubeIDE\workspace_1.10.0\Projekt2\Drivers\CMSIS\Lib\GCC\libarm_cortexM4lf_math.a(arm_common_tables.o)
                0x000000000801b0c4                twiddleCoef_rfft_1024
 .rodata.twiddleCoef_rfft_256
                0x000000000801c0c4      0x400 C:\Users\user\STM32CubeIDE\workspace_1.10.0\Projekt2\Drivers\CMSIS\Lib\GCC\libarm_cortexM4lf_math.a(arm_common_tables.o)
                0x000000000801c0c4                twiddleCoef_rfft_256
 .rodata.armBitRevIndexTable256
                0x000000000801c4c4      0x370 C:\Users\user\STM32CubeIDE\workspace_1.10.0\Projekt2\Drivers\CMSIS\Lib\GCC\libarm_cortexM4lf_math.a(arm_common_tables.o)
                0x000000000801c4c4                armBitRevIndexTable256
 .rodata.twiddleCoef_rfft_128
                0x000000000801c834      0x200 C:\Users\user\STM32CubeIDE\workspace_1.10.0\Projekt2\Drivers\CMSIS\Lib\GCC\libarm_cortexM4lf_math.a(arm_common_tables.o)
                0x000000000801c834                twiddleCoef_rfft_128
 .rodata.armBitRevIndexTable128
                0x000000000801ca34      0x1a0 C:\Users\user\STM32CubeIDE\workspace_1.10.0\Projekt2\Drivers\CMSIS\Lib\GCC\libarm_cortexM4lf_math.a(arm_common_tables.o)
                0x000000000801ca34                armBitRevIndexTable128
 .rodata._global_impure_ptr
                0x000000000801cbd4        0x4 c:/st/stm32cubeide_1.10.0/stm32cubeide/plugins/com.st.stm32cube.ide.mcu.externaltools.gnu-tools-for-stm32.10.3-2021.10.win32_1.0.0.202111181127/tools/bin/../lib/gcc/arm-none-eabi/10.3.1/../../../../arm-none-eabi/lib/thumb/v7e-m+dp/hard\libc_nano.a(lib_a-impure.o)
                0x000000000801cbd4                _global_impure_ptr
 .rodata._printf_float.str1.1
                0x000000000801cbd8       0x12 c:/st/stm32cubeide_1.10.0/stm32cubeide/plugins/com.st.stm32cube.ide.mcu.externaltools.gnu-tools-for-stm32.10.3-2021.10.win32_1.0.0.202111181127/tools/bin/../lib/gcc/arm-none-eabi/10.3.1/../../../../arm-none-eabi/lib/thumb/v7e-m+dp/hard\libc_nano.a(lib_a-nano-vfprintf_float.o)
 .rodata._printf_i.str1.1
                0x000000000801cbea       0x22 c:/st/stm32cubeide_1.10.0/stm32cubeide/plugins/com.st.stm32cube.ide.mcu.externaltools.gnu-tools-for-stm32.10.3-2021.10.win32_1.0.0.202111181127/tools/bin/../lib/gcc/arm-none-eabi/10.3.1/../../../../arm-none-eabi/lib/thumb/v7e-m+dp/hard\libc_nano.a(lib_a-nano-vfprintf_i.o)
 .rodata._dtoa_r.str1.1
                0x000000000801cc0c       0x90 c:/st/stm32cubeide_1.10.0/stm32cubeide/plugins/com.st.stm32cube.ide.mcu.externaltools.gnu-tools-for-stm32.10.3-2021.10.win32_1.0.0.202111181127/tools/bin/../lib/gcc/arm-none-eabi/10.3.1/../../../../arm-none-eabi/lib/thumb/v7e-m+dp/hard\libc_nano.a(lib_a-dtoa.o)
                                         0x92 (size before relaxing)
 .rodata.__sf_fake_stderr
                0x000000000801cc9c       0x20 c:/st/stm32cubeide_1.10.0/stm32cubeide/plugins/com.st.stm32cube.ide.mcu.externaltools.gnu-tools-for-stm32.10.3-2021.10.win32_1.0.0.202111181127/tools/bin/../lib/gcc/arm-none-eabi/10.3.1/../../../../arm-none-eabi/lib/thumb/v7e-m+dp/hard\libc_nano.a(lib_a-findfp.o)
                0x000000000801cc9c                __sf_fake_stderr
 .rodata.__sf_fake_stdin
                0x000000000801ccbc       0x20 c:/st/stm32cubeide_1.10.0/stm32cubeide/plugins/com.st.stm32cube.ide.mcu.externaltools.gnu-tools-for-stm32.10.3-2021.10.win32_1.0.0.202111181127/tools/bin/../lib/gcc/arm-none-eabi/10.3.1/../../../../arm-none-eabi/lib/thumb/v7e-m+dp/hard\libc_nano.a(lib_a-findfp.o)
                0x000000000801ccbc                __sf_fake_stdin
 .rodata.__sf_fake_stdout
                0x000000000801ccdc       0x20 c:/st/stm32cubeide_1.10.0/stm32cubeide/plugins/com.st.stm32cube.ide.mcu.externaltools.gnu-tools-for-stm32.10.3-2021.10.win32_1.0.0.202111181127/tools/bin/../lib/gcc/arm-none-eabi/10.3.1/../../../../arm-none-eabi/lib/thumb/v7e-m+dp/hard\libc_nano.a(lib_a-findfp.o)
                0x000000000801ccdc                __sf_fake_stdout
 .rodata._Balloc.str1.1
                0x000000000801ccfc       0x5c c:/st/stm32cubeide_1.10.0/stm32cubeide/plugins/com.st.stm32cube.ide.mcu.externaltools.gnu-tools-for-stm32.10.3-2021.10.win32_1.0.0.202111181127/tools/bin/../lib/gcc/arm-none-eabi/10.3.1/../../../../arm-none-eabi/lib/thumb/v7e-m+dp/hard\libc_nano.a(lib_a-mprec.o)
                                         0x73 (size before relaxing)
 .rodata.__multadd.str1.1
                0x000000000801cd58       0x11 c:/st/stm32cubeide_1.10.0/stm32cubeide/plugins/com.st.stm32cube.ide.mcu.externaltools.gnu-tools-for-stm32.10.3-2021.10.win32_1.0.0.202111181127/tools/bin/../lib/gcc/arm-none-eabi/10.3.1/../../../../arm-none-eabi/lib/thumb/v7e-m+dp/hard\libc_nano.a(lib_a-mprec.o)
 .rodata.__mprec_bigtens
                0x000000000801cd58       0x28 c:/st/stm32cubeide_1.10.0/stm32cubeide/plugins/com.st.stm32cube.ide.mcu.externaltools.gnu-tools-for-stm32.10.3-2021.10.win32_1.0.0.202111181127/tools/bin/../lib/gcc/arm-none-eabi/10.3.1/../../../../arm-none-eabi/lib/thumb/v7e-m+dp/hard\libc_nano.a(lib_a-mprec.o)
                0x000000000801cd58                __mprec_bigtens
 .rodata.__mprec_tens
                0x000000000801cd80       0xc8 c:/st/stm32cubeide_1.10.0/stm32cubeide/plugins/com.st.stm32cube.ide.mcu.externaltools.gnu-tools-for-stm32.10.3-2021.10.win32_1.0.0.202111181127/tools/bin/../lib/gcc/arm-none-eabi/10.3.1/../../../../arm-none-eabi/lib/thumb/v7e-m+dp/hard\libc_nano.a(lib_a-mprec.o)
                0x000000000801cd80                __mprec_tens
 .rodata.p05.0  0x000000000801ce48        0xc c:/st/stm32cubeide_1.10.0/stm32cubeide/plugins/com.st.stm32cube.ide.mcu.externaltools.gnu-tools-for-stm32.10.3-2021.10.win32_1.0.0.202111181127/tools/bin/../lib/gcc/arm-none-eabi/10.3.1/../../../../arm-none-eabi/lib/thumb/v7e-m+dp/hard\libc_nano.a(lib_a-mprec.o)
 .rodata._vfprintf_r.str1.1
                0x000000000801ce54       0x11 c:/st/stm32cubeide_1.10.0/stm32cubeide/plugins/com.st.stm32cube.ide.mcu.externaltools.gnu-tools-for-stm32.10.3-2021.10.win32_1.0.0.202111181127/tools/bin/../lib/gcc/arm-none-eabi/10.3.1/../../../../arm-none-eabi/lib/thumb/v7e-m+dp/hard\libc_nano.a(lib_a-nano-vfprintf.o)
 .rodata.__assert_func.str1.1
                0x000000000801ce65       0x3c c:/st/stm32cubeide_1.10.0/stm32cubeide/plugins/com.st.stm32cube.ide.mcu.externaltools.gnu-tools-for-stm32.10.3-2021.10.win32_1.0.0.202111181127/tools/bin/../lib/gcc/arm-none-eabi/10.3.1/../../../../arm-none-eabi/lib/thumb/v7e-m+dp/hard\libc_nano.a(lib_a-assert.o)
                                         0x3d (size before relaxing)
 .rodata._setlocale_r.str1.1
                0x000000000801cea1        0x8 c:/st/stm32cubeide_1.10.0/stm32cubeide/plugins/com.st.stm32cube.ide.mcu.externaltools.gnu-tools-for-stm32.10.3-2021.10.win32_1.0.0.202111181127/tools/bin/../lib/gcc/arm-none-eabi/10.3.1/../../../../arm-none-eabi/lib/thumb/v7e-m+dp/hard\libc_nano.a(lib_a-locale.o)
                                          0x9 (size before relaxing)
 .rodata.str1.1
                0x000000000801cea9        0x2 c:/st/stm32cubeide_1.10.0/stm32cubeide/plugins/com.st.stm32cube.ide.mcu.externaltools.gnu-tools-for-stm32.10.3-2021.10.win32_1.0.0.202111181127/tools/bin/../lib/gcc/arm-none-eabi/10.3.1/../../../../arm-none-eabi/lib/thumb/v7e-m+dp/hard\libc_nano.a(lib_a-locale.o)
 .rodata._ctype_
                0x000000000801ceab      0x101 c:/st/stm32cubeide_1.10.0/stm32cubeide/plugins/com.st.stm32cube.ide.mcu.externaltools.gnu-tools-for-stm32.10.3-2021.10.win32_1.0.0.202111181127/tools/bin/../lib/gcc/arm-none-eabi/10.3.1/../../../../arm-none-eabi/lib/thumb/v7e-m+dp/hard\libc_nano.a(lib_a-ctype_.o)
                0x000000000801ceab                _ctype_
 .rodata.log10f.str1.1
                0x000000000801cfac        0x1 c:/st/stm32cubeide_1.10.0/stm32cubeide/plugins/com.st.stm32cube.ide.mcu.externaltools.gnu-tools-for-stm32.10.3-2021.10.win32_1.0.0.202111181127/tools/bin/../lib/gcc/arm-none-eabi/10.3.1/../../../../arm-none-eabi/lib/thumb/v7e-m+dp/hard\libm.a(lib_a-wf_log10.o)
 *fill*         0x000000000801cfac        0x4 
 .rodata.__logf_data
                0x000000000801cfb0      0x120 c:/st/stm32cubeide_1.10.0/stm32cubeide/plugins/com.st.stm32cube.ide.mcu.externaltools.gnu-tools-for-stm32.10.3-2021.10.win32_1.0.0.202111181127/tools/bin/../lib/gcc/arm-none-eabi/10.3.1/../../../../arm-none-eabi/lib/thumb/v7e-m+dp/hard\libm.a(lib_a-sf_log_data.o)
                0x000000000801cfb0                __logf_data
                0x000000000801d0d0                . = ALIGN (0x4)

.ARM.extab      0x000000000801d0d0        0x0
                0x000000000801d0d0                . = ALIGN (0x4)
 *(.ARM.extab* .gnu.linkonce.armextab.*)
                0x000000000801d0d0                . = ALIGN (0x4)

.ARM            0x000000000801d0d0        0x8
                0x000000000801d0d0                . = ALIGN (0x4)
                0x000000000801d0d0                __exidx_start = .
 *(.ARM.exidx*)
 .ARM.exidx     0x000000000801d0d0        0x8 c:/st/stm32cubeide_1.10.0/stm32cubeide/plugins/com.st.stm32cube.ide.mcu.externaltools.gnu-tools-for-stm32.10.3-2021.10.win32_1.0.0.202111181127/tools/bin/../lib/gcc/arm-none-eabi/10.3.1/thumb/v7e-m+dp/hard\libgcc.a(_udivmoddi4.o)
                0x000000000801d0d8                __exidx_end = .
                0x000000000801d0d8                . = ALIGN (0x4)

.rel.dyn        0x000000000801d0d8        0x0
 .rel.iplt      0x000000000801d0d8        0x0 c:/st/stm32cubeide_1.10.0/stm32cubeide/plugins/com.st.stm32cube.ide.mcu.externaltools.gnu-tools-for-stm32.10.3-2021.10.win32_1.0.0.202111181127/tools/bin/../lib/gcc/arm-none-eabi/10.3.1/thumb/v7e-m+dp/hard/crtbegin.o

.preinit_array  0x000000000801d0d8        0x0
                0x000000000801d0d8                . = ALIGN (0x4)
                0x000000000801d0d8                PROVIDE (__preinit_array_start = .)
 *(.preinit_array*)
                0x000000000801d0d8                PROVIDE (__preinit_array_end = .)
                0x000000000801d0d8                . = ALIGN (0x4)

.init_array     0x000000000801d0d8        0x4
                0x000000000801d0d8                . = ALIGN (0x4)
                0x000000000801d0d8                PROVIDE (__init_array_start = .)
 *(SORT_BY_NAME(.init_array.*))
 *(.init_array*)
 .init_array    0x000000000801d0d8        0x4 c:/st/stm32cubeide_1.10.0/stm32cubeide/plugins/com.st.stm32cube.ide.mcu.externaltools.gnu-tools-for-stm32.10.3-2021.10.win32_1.0.0.202111181127/tools/bin/../lib/gcc/arm-none-eabi/10.3.1/thumb/v7e-m+dp/hard/crtbegin.o
                0x000000000801d0dc                PROVIDE (__init_array_end = .)
                0x000000000801d0dc                . = ALIGN (0x4)

.fini_array     0x000000000801d0dc        0x4
                0x000000000801d0dc                . = ALIGN (0x4)
                [!provide]                        PROVIDE (__fini_array_start = .)
 *(SORT_BY_NAME(.fini_array.*))
 *(.fini_array*)
 .fini_array    0x000000000801d0dc        0x4 c:/st/stm32cubeide_1.10.0/stm32cubeide/plugins/com.st.stm32cube.ide.mcu.externaltools.gnu-tools-for-stm32.10.3-2021.10.win32_1.0.0.202111181127/tools/bin/../lib/gcc/arm-none-eabi/10.3.1/thumb/v7e-m+dp/hard/crtbegin.o
                [!provide]                        PROVIDE (__fini_array_end = .)
                0x000000000801d0e0                . = ALIGN (0x4)
                0x000000000801d0e0                _sidata = LOADADDR (.data)

.data           0x0000000020000000      0x1e0 load address 0x000000000801d0e0
                0x0000000020000000                . = ALIGN (0x4)
                0x0000000020000000                _sdata = .
 *(.data)
 *(.data*)
 .data.flag     0x0000000020000000        0x1 ./Core/Src/main.o
                0x0000000020000000                flag
 *fill*         0x0000000020000001        0x3 
 .data.SystemCoreClock
                0x0000000020000004        0x4 ./Core/Src/system_stm32f7xx.o
                0x0000000020000004                SystemCoreClock
 .data.uwTickPrio
                0x0000000020000008        0x4 ./Drivers/STM32F7xx_HAL_Driver/Src/stm32f7xx_hal.o
                0x0000000020000008                uwTickPrio
 .data.uwTickFreq
                0x000000002000000c        0x1 ./Drivers/STM32F7xx_HAL_Driver/Src/stm32f7xx_hal.o
                0x000000002000000c                uwTickFreq
 *fill*         0x000000002000000d        0x3 
 .data._impure_ptr
                0x0000000020000010        0x4 c:/st/stm32cubeide_1.10.0/stm32cubeide/plugins/com.st.stm32cube.ide.mcu.externaltools.gnu-tools-for-stm32.10.3-2021.10.win32_1.0.0.202111181127/tools/bin/../lib/gcc/arm-none-eabi/10.3.1/../../../../arm-none-eabi/lib/thumb/v7e-m+dp/hard\libc_nano.a(lib_a-impure.o)
                0x0000000020000010                _impure_ptr
 .data.impure_data
                0x0000000020000014       0x60 c:/st/stm32cubeide_1.10.0/stm32cubeide/plugins/com.st.stm32cube.ide.mcu.externaltools.gnu-tools-for-stm32.10.3-2021.10.win32_1.0.0.202111181127/tools/bin/../lib/gcc/arm-none-eabi/10.3.1/../../../../arm-none-eabi/lib/thumb/v7e-m+dp/hard\libc_nano.a(lib_a-impure.o)
 .data.__global_locale
                0x0000000020000074      0x16c c:/st/stm32cubeide_1.10.0/stm32cubeide/plugins/com.st.stm32cube.ide.mcu.externaltools.gnu-tools-for-stm32.10.3-2021.10.win32_1.0.0.202111181127/tools/bin/../lib/gcc/arm-none-eabi/10.3.1/../../../../arm-none-eabi/lib/thumb/v7e-m+dp/hard\libc_nano.a(lib_a-locale.o)
                0x0000000020000074                __global_locale
 *(.RamFunc)
 *(.RamFunc*)
                0x00000000200001e0                . = ALIGN (0x4)
                0x00000000200001e0                _edata = .

.igot.plt       0x00000000200001e0        0x0 load address 0x000000000801d2c0
 .igot.plt      0x00000000200001e0        0x0 c:/st/stm32cubeide_1.10.0/stm32cubeide/plugins/com.st.stm32cube.ide.mcu.externaltools.gnu-tools-for-stm32.10.3-2021.10.win32_1.0.0.202111181127/tools/bin/../lib/gcc/arm-none-eabi/10.3.1/thumb/v7e-m+dp/hard/crtbegin.o
                0x00000000200001e0                . = ALIGN (0x4)

.bss            0x00000000200001e0     0xf6f8 load address 0x000000000801d2c0
                0x00000000200001e0                _sbss = .
                0x00000000200001e0                __bss_start__ = _sbss
 *(.bss)
 .bss           0x00000000200001e0       0x1c c:/st/stm32cubeide_1.10.0/stm32cubeide/plugins/com.st.stm32cube.ide.mcu.externaltools.gnu-tools-for-stm32.10.3-2021.10.win32_1.0.0.202111181127/tools/bin/../lib/gcc/arm-none-eabi/10.3.1/thumb/v7e-m+dp/hard/crtbegin.o
 *(.bss*)
 .bss.hdfsdm1_filter3
                0x00000000200001fc       0x54 ./Core/Src/main.o
                0x00000000200001fc                hdfsdm1_filter3
 .bss.hdfsdm1_channel4
                0x0000000020000250       0x38 ./Core/Src/main.o
                0x0000000020000250                hdfsdm1_channel4
 .bss.hdma_dfsdm1_flt3
                0x0000000020000288       0x60 ./Core/Src/main.o
                0x0000000020000288                hdma_dfsdm1_flt3
 .bss.huart3    0x00000000200002e8       0x88 ./Core/Src/main.o
                0x00000000200002e8                huart3
 .bss.hpcd_USB_OTG_FS
                0x0000000020000370      0x508 ./Core/Src/main.o
                0x0000000020000370                hpcd_USB_OTG_FS
 .bss.Buff      0x0000000020000878     0x4000 ./Core/Src/main.o
                0x0000000020000878                Buff
 .bss.S         0x0000000020004878       0x18 ./Core/Src/main.o
                0x0000000020004878                S
 .bss.FFT_SampleRate
                0x0000000020004890        0x4 ./Core/Src/main.o
                0x0000000020004890                FFT_SampleRate
 .bss.FFT_inp_int32
                0x0000000020004894     0x2000 ./Core/Src/main.o
                0x0000000020004894                FFT_inp_int32
 .bss.FFT_inp   0x0000000020006894     0x2000 ./Core/Src/main.o
                0x0000000020006894                FFT_inp
 .bss.FFT_oup   0x0000000020008894     0x2000 ./Core/Src/main.o
                0x0000000020008894                FFT_oup
 .bss.FFT_mag   0x000000002000a894     0x1000 ./Core/Src/main.o
                0x000000002000a894                FFT_mag
 .bss.FFT_dB    0x000000002000b894     0x1000 ./Core/Src/main.o
                0x000000002000b894                FFT_dB
 .bss.FFT_frq   0x000000002000c894     0x1000 ./Core/Src/main.o
                0x000000002000c894                FFT_frq
 .bss.FFT_window
                0x000000002000d894     0x2000 ./Core/Src/main.o
                0x000000002000d894                FFT_window
 .bss.HAL_RCC_DFSDM1_CLK_ENABLED
                0x000000002000f894        0x4 ./Core/Src/stm32f7xx_hal_msp.o
 .bss.DFSDM1_Init
                0x000000002000f898        0x4 ./Core/Src/stm32f7xx_hal_msp.o
 .bss.__sbrk_heap_end
                0x000000002000f89c        0x4 ./Core/Src/sysmem.o
 .bss.uwTick    0x000000002000f8a0        0x4 ./Drivers/STM32F7xx_HAL_Driver/Src/stm32f7xx_hal.o