../Core/Src/main.c:93:5:main	72	static
../Core/Src/main.c:204:6:SystemClock_Config	88	static
../Core/Src/main.c:262:13:MX_DFSDM1_Init	8	static
../Core/Src/main.c:309:13:MX_USART3_UART_Init	8	static
../Core/Src/main.c:344:13:MX_USB_OTG_FS_PCD_Init	8	static
../Core/Src/main.c:377:13:MX_DMA_Init	16	static
../Core/Src/main.c:395:13:MX_GPIO_Init	56	static
../Core/Src/main.c:474:6:HAL_DFSDM_FilterRegConvHalfCpltCallback	16	static
../Core/Src/main.c:481:6:HAL_DFSDM_FilterRegConvCpltCallback	24	static
../Core/Src/main.c:494:5:_write	24	static
../Core/Src/main.c:506:6:Error_Handler	4	static
